
╔══════════════════════════════════════════╗
║      AI 旅行助手 知识库爬虫 v2.0        ║
╚══════════════════════════════════════════╝
数据来源：Wikivoyage（CC-BY-SA 3.0）

请求间隔：1500 ms
英文回退阈值：中文片段 < 5 时启用
试运行模式：否

[动态发现] 正在从 Wikivoyage 分类树获取城市列表...
[wikivoyageCities] 命中缓存，共 873 个城市
目标城市数：873

[1/873] 处理城市：上海 (Shanghai)
  [爬取] 上海 ...
[代理] 使用代理：http://127.0.0.1:7890
    英文补充：抓取英文页面 (Shanghai)...
  [EN回退] Shanghai ...
    ✓ 英文补充补充 107 个英文片段
    ✓ 生成 134 个知识片段
[2/873] 处理城市：太湖 (Lake Tai)
  [爬取] 太湖 ...
    英文补充：抓取英文页面 (Lake Tai)...
  [EN回退] Lake Tai ...
    ✓ 英文补充补充 12 个英文片段
    ✓ 生成 19 个知识片段
[3/873] 处理城市：崇明岛
  [爬取] 崇明岛 ...
    ✓ 生成 1 个知识片段
[4/873] 处理城市：江苏 (Jiangsu)
  [爬取] 江苏 ...
    英文补充：抓取英文页面 (Jiangsu)...
  [EN回退] Jiangsu ...
    ✓ 英文补充补充 9 个英文片段
    ✓ 生成 14 个知识片段
[5/873] 处理城市：浙江 (Zhejiang)
  [爬取] 浙江 ...
    英文补充：抓取英文页面 (Zhejiang)...
  [EN回退] Zhejiang ...
    ✓ 英文补充补充 8 个英文片段
    ✓ 生成 16 个知识片段
[6/873] 处理城市：浦东新区
  [爬取] 浦东新区 ...
    ✓ 生成 1 个知识片段
[7/873] 处理城市：南京 (Nanjing)
  [爬取] 南京 ...
    英文补充：抓取英文页面 (Nanjing)...
  [EN回退] Nanjing ...
    ✓ 英文补充补充 107 个英文片段
    ✓ 生成 139 个知识片段
[8/873] 处理城市：南通 (Nantong)
  [爬取] 南通 ...
    英文回退：抓取英文页面 (Nantong)...
  [EN回退] Nantong ...
    ✓ 英文回退补充 29 个英文片段
    ✓ 生成 33 个知识片段
[9/873] 处理城市：姜堰
  [爬取] 姜堰 ...
    ✓ 生成 4 个知识片段
[10/873] 处理城市：宿迁 (Suqian)
  [爬取] 宿迁 ...
    英文补充：抓取英文页面 (Suqian)...
  [EN回退] Suqian ...
    ✓ 英文补充补充 39 个英文片段
    ✓ 生成 47 个知识片段
[11/873] 处理城市：常州 (Changzhou)
  [爬取] 常州 ...
    英文补充：抓取英文页面 (Changzhou)...
  [EN回退] Changzhou ...
    ✓ 英文补充补充 43 个英文片段
    ✓ 生成 54 个知识片段
[12/873] 处理城市：徐州 (Xuzhou)
  [爬取] 徐州 ...
    英文回退：抓取英文页面 (Xuzhou)...
  [EN回退] Xuzhou ...
    ✓ 英文回退补充 28 个英文片段
    ✓ 生成 32 个知识片段
[13/873] 处理城市：扬州 (Yangzhou)
  [爬取] 扬州 ...
    英文补充：抓取英文页面 (Yangzhou)...
  [EN回退] Yangzhou ...
    ✓ 英文补充补充 36 个英文片段
    ✓ 生成 45 个知识片段
[14/873] 处理城市：无锡 (Wuxi)
  [爬取] 无锡 ...
    英文补充：抓取英文页面 (Wuxi)...
  [EN回退] Wuxi ...
    ✓ 英文补充补充 56 个英文片段
    ✓ 生成 90 个知识片段
[15/873] 处理城市：泰州 (Taizhou (Jiangsu))
  [爬取] 泰州 ...
    英文回退：抓取英文页面 (Taizhou (Jiangsu))...
  [EN回退] Taizhou (Jiangsu) ...
    ✓ 英文回退补充 26 个英文片段
    ✓ 生成 30 个知识片段
[16/873] 处理城市：淮安 (Huai'an)
  [爬取] 淮安 ...
    英文补充：抓取英文页面 (Huai'an)...
  [EN回退] Huai'an ...
    ✓ 英文补充补充 41 个英文片段
    ✓ 生成 47 个知识片段
[17/873] 处理城市：盐城 (Yancheng)
  [爬取] 盐城 ...
    英文补充：抓取英文页面 (Yancheng)...
  [EN回退] Yancheng ...
    ✓ 英文补充补充 16 个英文片段
    ✓ 生成 22 个知识片段
[18/873] 处理城市：苏州 (Suzhou)
  [爬取] 苏州 ...
    英文补充：抓取英文页面 (Suzhou)...
  [EN回退] Suzhou ...
    ✓ 英文补充补充 144 个英文片段
    ✓ 生成 161 个知识片段
[19/873] 处理城市：连云港 (Lianyungang)
  [爬取] 连云港 ...
    英文补充：抓取英文页面 (Lianyungang)...
  [EN回退] Lianyungang ...
    ✓ 英文补充补充 37 个英文片段
    ✓ 生成 43 个知识片段
[20/873] 处理城市：镇江 (Zhenjiang)
  [爬取] 镇江 ...
    英文补充：抓取英文页面 (Zhenjiang)...
  [EN回退] Zhenjiang ...
    ✓ 英文补充补充 27 个英文片段
    ✓ 生成 37 个知识片段
[21/873] 处理城市：六合
  [爬取] 六合 ...
    ✓ 生成 11 个知识片段
[22/873] 处理城市：江宁
  [爬取] 江宁 ...
    ✓ 生成 12 个知识片段
[23/873] 处理城市：浦口
  [爬取] 浦口 ...
    ✓ 生成 12 个知识片段
[24/873] 处理城市：溧水
  [爬取] 溧水 ...
    ✓ 生成 12 个知识片段
[25/873] 处理城市：高淳
  [爬取] 高淳 ...
    ✓ 生成 12 个知识片段
[26/873] 处理城市：启东
  [爬取] 启东 ...
    ✓ 生成 3 个知识片段
[27/873] 处理城市：如东
  [爬取] 如东 ...
    ✓ 生成 4 个知识片段
[28/873] 处理城市：如皋
  [爬取] 如皋 ...
    ✓ 生成 4 个知识片段
[29/873] 处理城市：海安
  [爬取] 海安 ...
    ✓ 生成 3 个知识片段
[30/873] 处理城市：海门
  [爬取] 海门 ...
    ✓ 生成 2 个知识片段
[31/873] 处理城市：泗洪
  [爬取] 泗洪 ...
    ✓ 生成 3 个知识片段
[32/873] 处理城市：溧阳
  [爬取] 溧阳 ...
    ✓ 生成 11 个知识片段
[33/873] 处理城市：金坛
  [爬取] 金坛 ...
    ✓ 生成 2 个知识片段
[34/873] 处理城市：丰县
  [爬取] 丰县 ...
    ✓ 生成 2 个知识片段
[35/873] 处理城市：新沂
  [爬取] 新沂 ...
    ✓ 生成 3 个知识片段
[36/873] 处理城市：沛县
  [爬取] 沛县 ...
    ✓ 生成 2 个知识片段
[37/873] 处理城市：邳州
  [爬取] 邳州 ...
    ✓ 生成 4 个知识片段
[38/873] 处理城市：仪征
  [爬取] 仪征 ...
    ✓ 生成 3 个知识片段
[39/873] 处理城市：宝应
  [爬取] 宝应 ...
    ✓ 生成 3 个知识片段
[40/873] 处理城市：高邮 (Gaoyou)
  [爬取] 高邮 ...
    英文回退：抓取英文页面 (Gaoyou)...
  [EN回退] Gaoyou ...
    ✓ 英文回退补充 19 个英文片段
    ✓ 生成 22 个知识片段
[41/873] 处理城市：宜兴 (Yixing)
  [爬取] 宜兴 ...
    英文回退：抓取英文页面 (Yixing)...
  [EN回退] Yixing ...
    ✓ 英文回退补充 14 个英文片段
    ✓ 生成 18 个知识片段
[42/873] 处理城市：江阴 (Jiangyin)
  [爬取] 江阴 ...
    英文回退：抓取英文页面 (Jiangyin)...
  [EN回退] Jiangyin ...
    ✓ 英文回退补充 40 个英文片段
    ✓ 生成 43 个知识片段
[43/873] 处理城市：兴化 (Xinghua)
  [爬取] 兴化 ...
    英文回退：抓取英文页面 (Xinghua)...
  [EN回退] Xinghua ...
    ✓ 英文回退补充 8 个英文片段
    ✓ 生成 11 个知识片段
[44/873] 处理城市：泰兴
  [爬取] 泰兴 ...
    ✓ 生成 4 个知识片段
[45/873] 处理城市：靖江
  [爬取] 靖江 ...
    ✓ 生成 3 个知识片段
[46/873] 处理城市：涟水
  [爬取] 涟水 ...
    ✓ 生成 3 个知识片段
[47/873] 处理城市：盱眙
  [爬取] 盱眙 ...
    ✓ 生成 19 个知识片段
[48/873] 处理城市：东台 (Dongtai)
  [爬取] 东台 ...
    英文回退：抓取英文页面 (Dongtai)...
  [EN回退] Dongtai ...
    ✓ 英文回退补充 11 个英文片段
    ✓ 生成 14 个知识片段
[49/873] 处理城市：响水
  [爬取] 响水 ...
    ✓ 生成 2 个知识片段
[50/873] 处理城市：射阳
  [爬取] 射阳 ...
    ✓ 生成 1 个知识片段
[51/873] 处理城市：建湖
  [爬取] 建湖 ...
    ✓ 生成 4 个知识片段
[52/873] 处理城市：滨海县
  [爬取] 滨海县 ...
    ✓ 生成 2 个知识片段
[53/873] 处理城市：阜宁
  [爬取] 阜宁 ...
    ✓ 生成 2 个知识片段
[54/873] 处理城市：太仓 (Taicang)
  [爬取] 太仓 ...
    英文回退：抓取英文页面 (Taicang)...
  [EN回退] Taicang ...
    ✓ 英文回退补充 11 个英文片段
    ✓ 生成 15 个知识片段
[55/873] 处理城市：常熟 (Changshu)
  [爬取] 常熟 ...
    英文回退：抓取英文页面 (Changshu)...
  [EN回退] Changshu ...
    ✓ 英文回退补充 20 个英文片段
    ✓ 生成 23 个知识片段
[56/873] 处理城市：张家港 (Zhangjiagang)
  [爬取] 张家港 ...
    英文回退：抓取英文页面 (Zhangjiagang)...
  [EN回退] Zhangjiagang ...
    ✓ 英文回退补充 19 个英文片段
    ✓ 生成 22 个知识片段
[57/873] 处理城市：昆山 (Kunshan)
  [爬取] 昆山 ...
    英文回退：抓取英文页面 (Kunshan)...
  [EN回退] Kunshan ...
    ✓ 英文回退补充 20 个英文片段
    ✓ 生成 23 个知识片段
[58/873] 处理城市：东海县
  [爬取] 东海县 ...
    ✓ 生成 3 个知识片段
[59/873] 处理城市：灌云
  [爬取] 灌云 ...
    ✓ 生成 3 个知识片段
[60/873] 处理城市：丹阳
  [爬取] 丹阳 ...
    ✓ 生成 6 个知识片段
[61/873] 处理城市：句容
  [爬取] 句容 ...
    ✓ 生成 8 个知识片段
[62/873] 处理城市：扬中
  [爬取] 扬中 ...
    ✓ 生成 2 个知识片段
[63/873] 处理城市：丽水 (Lishui)
  [爬取] 丽水 ...
    英文补充：抓取英文页面 (Lishui)...
  [EN回退] Lishui ...
    ✓ 英文补充补充 55 个英文片段
    ✓ 生成 68 个知识片段
[64/873] 处理城市：台州 (Taizhou (Zhejiang))
  [爬取] 台州 ...
    英文补充：抓取英文页面 (Taizhou (Zhejiang))...
  [EN回退] Taizhou (Zhejiang) ...
    ✓ 英文补充补充 32 个英文片段
    ✓ 生成 49 个知识片段
[65/873] 处理城市：嘉兴 (Jiaxing)
  [爬取] 嘉兴 ...
    英文补充：抓取英文页面 (Jiaxing)...
  [EN回退] Jiaxing ...
    ✓ 英文补充补充 61 个英文片段
    ✓ 生成 67 个知识片段
[66/873] 处理城市：宁波 (Ningbo)
  [爬取] 宁波 ...
    英文补充：抓取英文页面 (Ningbo)...
  [EN回退] Ningbo ...
    ✓ 英文补充补充 165 个英文片段
    ✓ 生成 177 个知识片段
[67/873] 处理城市：杭州 (Hangzhou)
  [爬取] 杭州 ...
    英文补充：抓取英文页面 (Hangzhou)...
  [EN回退] Hangzhou ...
    ✓ 英文补充补充 123 个英文片段
    ✓ 生成 151 个知识片段
[68/873] 处理城市：温州 (Wenzhou)
  [爬取] 温州 ...
    英文补充：抓取英文页面 (Wenzhou)...
  [EN回退] Wenzhou ...
    ✓ 英文补充补充 108 个英文片段
    ✓ 生成 126 个知识片段
[69/873] 处理城市：湖州 (Huzhou)
  [爬取] 湖州 ...
    英文补充：抓取英文页面 (Huzhou)...
  [EN回退] Huzhou ...
    ✓ 英文补充补充 52 个英文片段
    ✓ 生成 59 个知识片段
[70/873] 处理城市：绍兴 (Shaoxing)
  [爬取] 绍兴 ...
    英文补充：抓取英文页面 (Shaoxing)...
  [EN回退] Shaoxing ...
    ✓ 英文补充补充 76 个英文片段
    ✓ 生成 92 个知识片段
[71/873] 处理城市：舟山 (Zhoushan)
  [爬取] 舟山 ...
    英文回退：抓取英文页面 (Zhoushan)...
  [EN回退] Zhoushan ...
    ✓ 英文回退补充 26 个英文片段
    ✓ 生成 29 个知识片段
[72/873] 处理城市：衢州
  [爬取] 衢州 ...
    ✓ 生成 12 个知识片段
[73/873] 处理城市：金华 (Jinhua)
  [爬取] 金华 ...
    英文补充：抓取英文页面 (Jinhua)...
  [EN回退] Jinhua ...
    ✓ 英文补充补充 83 个英文片段
    ✓ 生成 97 个知识片段
[74/873] 处理城市：云和
  [爬取] 云和 ...
    ✓ 生成 2 个知识片段
[75/873] 处理城市：庆元
  [爬取] 庆元 ...
    ✓ 生成 5 个知识片段
[76/873] 处理城市：景宁
  [爬取] 景宁 ...
    ✓ 生成 3 个知识片段
[77/873] 处理城市：松阳
  [爬取] 松阳 ...
    ✓ 生成 5 个知识片段
[78/873] 处理城市：缙云
  [爬取] 缙云 ...
    ✓ 生成 6 个知识片段
[79/873] 处理城市：遂昌
  [爬取] 遂昌 ...
    ✓ 生成 6 个知识片段
[80/873] 处理城市：青田
  [爬取] 青田 ...
    ✓ 生成 2 个知识片段
[81/873] 处理城市：龙泉 (Longquan)
  [爬取] 龙泉 ...
    英文补充：抓取英文页面 (Longquan)...
  [EN回退] Longquan ...
    ✓ 英文补充补充 4 个英文片段
    ✓ 生成 15 个知识片段
[82/873] 处理城市：三门
  [爬取] 三门 ...
    ✓ 生成 5 个知识片段
[83/873] 处理城市：临海
  [爬取] 临海 ...
    ✓ 生成 4 个知识片段
[84/873] 处理城市：仙居
  [爬取] 仙居 ...
    ✓ 生成 4 个知识片段
[85/873] 处理城市：天台
  [爬取] 天台 ...
    ✓ 生成 15 个知识片段
[86/873] 处理城市：温岭
  [爬取] 温岭 ...
    ✓ 生成 4 个知识片段
[87/873] 处理城市：玉环 (Yuhuan)
  [爬取] 玉环 ...
    英文补充：抓取英文页面 (Yuhuan)...
  [EN回退] Yuhuan ...
    ✓ 英文补充补充 31 个英文片段
    ✓ 生成 49 个知识片段
[88/873] 处理城市：嘉善
  [爬取] 嘉善 ...
    ✓ 生成 3 个知识片段
[89/873] 处理城市：余姚 (Yuyao)
  [爬取] 余姚 ...
    英文回退：抓取英文页面 (Yuyao)...
  [EN回退] Yuyao ...
    ✓ 英文回退补充 16 个英文片段
    ✓ 生成 20 个知识片段
[90/873] 处理城市：宁海
  [爬取] 宁海 ...
    ✓ 生成 7 个知识片段
[91/873] 处理城市：慈溪 (Cixi City)
  [爬取] 慈溪 ...
    英文回退：抓取英文页面 (Cixi City)...
  [EN回退] Cixi City ...
    ✓ 英文回退补充 95 个英文片段
    ✓ 生成 98 个知识片段
[92/873] 处理城市：象山
  [爬取] 象山 ...
    ✓ 生成 2 个知识片段
[93/873] 处理城市：千岛湖 (Qiandaohu)
  [爬取] 千岛湖 ...
    英文回退：抓取英文页面 (Qiandaohu)...
  [EN回退] Qiandaohu ...
    ✓ 英文回退补充 6 个英文片段
    ✓ 生成 8 个知识片段
[94/873] 处理城市：建德
  [爬取] 建德 ...
    ✓ 生成 6 个知识片段
[95/873] 处理城市：淳安
  [爬取] 淳安 ...
    ✓ 生成 4 个知识片段
[96/873] 处理城市：文成
  [爬取] 文成 ...
    ✓ 生成 2 个知识片段
[97/873] 处理城市：楠溪江
  [爬取] 楠溪江 ...
    ✓ 生成 13 个知识片段
[98/873] 处理城市：永嘉
  [爬取] 永嘉 ...
    ✓ 生成 2 个知识片段
[99/873] 处理城市：泰顺
  [爬取] 泰顺 ...
    ✓ 生成 2 个知识片段
[100/873] 处理城市：雁荡山 (Yandangshan)
  [爬取] 雁荡山 ...
    英文回退：抓取英文页面 (Yandangshan)...
  [EN回退] Yandangshan ...
    ✓ 英文回退补充 26 个英文片段
    ✓ 生成 27 个知识片段
[101/873] 处理城市：安吉 (Anji)
  [爬取] 安吉 ...
    英文回退：抓取英文页面 (Anji)...
  [EN回退] Anji ...
    ✓ 英文回退补充 28 个英文片段
    ✓ 生成 32 个知识片段
[102/873] 处理城市：德清
  [爬取] 德清 ...
    ✓ 生成 2 个知识片段
[103/873] 处理城市：上虞
  [爬取] 上虞 ...
    ✓ 生成 2 个知识片段
[104/873] 处理城市：嵊州 (Shengzhou)
  [爬取] 嵊州 ...
    英文补充：抓取英文页面 (Shengzhou)...
  [EN回退] Shengzhou ...
    ✓ 英文补充补充 76 个英文片段
    ✓ 生成 87 个知识片段
[105/873] 处理城市：新昌
  [爬取] 新昌 ...
    ✓ 生成 4 个知识片段
[106/873] 处理城市：诸暨 (Zhuji)
  [爬取] 诸暨 ...
    英文回退：抓取英文页面 (Zhuji)...
  [EN回退] Zhuji ...
    ✓ 英文回退补充 16 个英文片段
    ✓ 生成 20 个知识片段
[107/873] 处理城市：普陀山 (Mount Putuo)
  [爬取] 普陀山 ...
    英文回退：抓取英文页面 (Mount Putuo)...
  [EN回退] Mount Putuo ...
    ✓ 英文回退补充 39 个英文片段
    ✓ 生成 41 个知识片段
[108/873] 处理城市：常山
  [爬取] 常山 ...
    ✓ 生成 3 个知识片段
[109/873] 处理城市：开化
  [爬取] 开化 ...
    ✓ 生成 4 个知识片段
[110/873] 处理城市：江山 (Jiangshan)
  [爬取] 江山 ...
    英文补充：抓取英文页面 (Jiangshan)...
  [EN回退] Jiangshan ...
    ✓ 英文补充补充 12 个英文片段
    ✓ 生成 30 个知识片段
[111/873] 处理城市：龙游 (Longyou County)
  [爬取] 龙游 ...
    英文补充：抓取英文页面 (Longyou County)...
  [EN回退] Longyou County ...
    ✓ 英文补充补充 11 个英文片段
    ✓ 生成 25 个知识片段
[112/873] 处理城市：东阳 (Dongyang)
  [爬取] 东阳 ...
    英文补充：抓取英文页面 (Dongyang)...
  [EN回退] Dongyang ...
    ✓ 英文补充补充 6 个英文片段
    ✓ 生成 12 个知识片段
[113/873] 处理城市：义乌 (Yiwu)
  [爬取] 义乌 ...
    [重试 1/3] Request failed with status code 502，等待 3s...
    英文补充：抓取英文页面 (Yiwu)...
  [EN回退] Yiwu ...
    ✓ 英文补充补充 22 个英文片段
    ✓ 生成 32 个知识片段
[114/873] 处理城市：兰溪
  [爬取] 兰溪 ...
    ✓ 生成 8 个知识片段
[115/873] 处理城市：武义
  [爬取] 武义 ...
    ✓ 生成 2 个知识片段
[116/873] 处理城市：永康市
  [爬取] 永康市 ...
    ✓ 生成 4 个知识片段
[117/873] 处理城市：浦江
  [爬取] 浦江 ...
    ✓ 生成 2 个知识片段
[118/873] 处理城市：磐安
  [爬取] 磐安 ...
    ✓ 生成 3 个知识片段
[119/873] 处理城市：四川 (Sichuan)
  [爬取] 四川 ...
    英文补充：抓取英文页面 (Sichuan)...
  [EN回退] Sichuan ...
    ✓ 英文补充补充 8 个英文片段
    ✓ 生成 17 个知识片段
[120/873] 处理城市：四川盆地
  [爬取] 四川盆地 ...
    ✓ 生成 3 个知识片段
[121/873] 处理城市：安徽 (Anhui)
  [爬取] 安徽 ...
    英文补充：抓取英文页面 (Anhui)...
  [EN回退] Anhui ...
    ✓ 英文补充补充 5 个英文片段
    ✓ 生成 25 个知识片段
[122/873] 处理城市：江西 (Jiangxi)
  [爬取] 江西 ...
    英文补充：抓取英文页面 (Jiangxi)...
  [EN回退] Jiangxi ...
    ✓ 英文补充补充 14 个英文片段
    ✓ 生成 20 个知识片段
[123/873] 处理城市：湖北 (Hubei)
  [爬取] 湖北 ...
    英文补充：抓取英文页面 (Hubei)...
  [EN回退] Hubei ...
    ✓ 英文补充补充 8 个英文片段
    ✓ 生成 15 个知识片段
[124/873] 处理城市：湖南 (Hunan)
  [爬取] 湖南 ...
    英文回退：抓取英文页面 (Hunan)...
  [EN回退] Hunan ...
    ✓ 英文回退补充 6 个英文片段
    ✓ 生成 6 个知识片段
[125/873] 处理城市：重庆 (Chongqing Municipality)
  [爬取] 重庆 ...
    英文补充：抓取英文页面 (Chongqing Municipality)...
  [EN回退] Chongqing Municipality ...
    ✓ 英文补充补充 3 个英文片段
    ✓ 生成 24 个知识片段
[126/873] 处理城市：亳州
  [爬取] 亳州 ...
    ✓ 生成 22 个知识片段
[127/873] 处理城市：六安
  [爬取] 六安 ...
    ✓ 生成 3 个知识片段
[128/873] 处理城市：合肥 (Hefei)
  [爬取] 合肥 ...
    英文补充：抓取英文页面 (Hefei)...
  [EN回退] Hefei ...
    ✓ 英文补充补充 87 个英文片段
    ✓ 生成 122 个知识片段
[129/873] 处理城市：安庆
  [爬取] 安庆 ...
    ✓ 生成 6 个知识片段
[130/873] 处理城市：宣城
  [爬取] 宣城 ...
    ✓ 生成 6 个知识片段
[131/873] 处理城市：宿州
  [爬取] 宿州 ...
    ✓ 生成 3 个知识片段
[132/873] 处理城市：宿松
  [爬取] 宿松 ...
    ✓ 生成 4 个知识片段
[133/873] 处理城市：巢湖
  [爬取] 巢湖 ...
    ✓ 生成 1 个知识片段
[134/873] 处理城市：池州
  [爬取] 池州 ...
    ✓ 生成 3 个知识片段
[135/873] 处理城市：淮北 (Huaibei)
  [爬取] 淮北 ...
    英文补充：抓取英文页面 (Huaibei)...
  [EN回退] Huaibei ...
    ✓ 英文补充补充 55 个英文片段
    ✓ 生成 61 个知识片段
[136/873] 处理城市：淮南 (Huainan)
  [爬取] 淮南 ...
    英文补充：抓取英文页面 (Huainan)...
  [EN回退] Huainan ...
    ✓ 英文补充补充 37 个英文片段
    ✓ 生成 43 个知识片段
[137/873] 处理城市：滁州
  [爬取] 滁州 ...
    ✓ 生成 11 个知识片段
[138/873] 处理城市：芜湖 (Wuhu)
  [爬取] 芜湖 ...
    英文回退：抓取英文页面 (Wuhu)...
  [EN回退] Wuhu ...
    ✓ 英文回退补充 44 个英文片段
    ✓ 生成 47 个知识片段
[139/873] 处理城市：蚌埠 (Bengbu)
  [爬取] 蚌埠 ...
    英文回退：抓取英文页面 (Bengbu)...
  [EN回退] Bengbu ...
    ✓ 英文回退补充 11 个英文片段
    ✓ 生成 12 个知识片段
[140/873] 处理城市：铜陵 (Tongling)
  [爬取] 铜陵 ...
    英文回退：抓取英文页面 (Tongling)...
  [EN回退] Tongling ...
    ✓ 英文回退补充 48 个英文片段
    ✓ 生成 51 个知识片段
[141/873] 处理城市：阜阳
  [爬取] 阜阳 ...
    ✓ 生成 2 个知识片段
[142/873] 处理城市：马鞍山 (Ma'anshan)
  [爬取] 马鞍山 ...
    英文补充：抓取英文页面 (Ma'anshan)...
  [EN回退] Ma'anshan ...
    ✓ 英文补充补充 28 个英文片段
    ✓ 生成 39 个知识片段
[143/873] 处理城市：黄山市
  [爬取] 黄山市 ...
    ✓ 生成 3 个知识片段
[144/873] 处理城市：太湖县
  [爬取] 太湖县 ...
    ✓ 生成 5 个知识片段
[145/873] 处理城市：岳西
  [爬取] 岳西 ...
    ✓ 生成 5 个知识片段
[146/873] 处理城市：怀宁
  [爬取] 怀宁 ...
    ✓ 生成 3 个知识片段
[147/873] 处理城市：望江
  [爬取] 望江 ...
    ✓ 生成 5 个知识片段
[148/873] 处理城市：桐城
  [爬取] 桐城 ...
    ✓ 生成 4 个知识片段
[149/873] 处理城市：潜山
  [爬取] 潜山 ...
    ✓ 生成 8 个知识片段
[150/873] 处理城市：宁国
  [爬取] 宁国 ...
    ✓ 生成 4 个知识片段
[151/873] 处理城市：广德
  [爬取] 广德 ...
    ✓ 生成 4 个知识片段
[152/873] 处理城市：旌德
  [爬取] 旌德 ...
    ✓ 生成 4 个知识片段
[153/873] 处理城市：泾县
  [爬取] 泾县 ...
    ✓ 生成 7 个知识片段
[154/873] 处理城市：绩溪
  [爬取] 绩溪 ...
    ✓ 生成 21 个知识片段
[155/873] 处理城市：郎溪
  [爬取] 郎溪 ...
    ✓ 生成 4 个知识片段
[156/873] 处理城市：东至
  [爬取] 东至 ...
    ✓ 生成 5 个知识片段
[157/873] 处理城市：石台
  [爬取] 石台 ...
    ✓ 生成 4 个知识片段
[158/873] 处理城市：青阳
  [爬取] 青阳 ...
    ✓ 生成 9 个知识片段
[159/873] 处理城市：凤阳
  [爬取] 凤阳 ...
    ✓ 生成 3 个知识片段
[160/873] 处理城市：明光
  [爬取] 明光 ...
    ✓ 生成 10 个知识片段
[161/873] 处理城市：南陵
  [爬取] 南陵 ...
    ✓ 生成 8 个知识片段
[162/873] 处理城市：无为
  [爬取] 无为 ...
    ✓ 生成 2 个知识片段
[163/873] 处理城市：休宁
  [爬取] 休宁 ...
    ✓ 生成 6 个知识片段
[164/873] 处理城市：徽州
  [爬取] 徽州 ...
    ✓ 生成 6 个知识片段
[165/873] 处理城市：歙县
  [爬取] 歙县 ...
    ✓ 生成 16 个知识片段
[166/873] 处理城市：牯牛降
  [爬取] 牯牛降 ...
    ✓ 生成 4 个知识片段
[167/873] 处理城市：祁门
  [爬取] 祁门 ...
    ✓ 生成 5 个知识片段
[168/873] 处理城市：黄山 (Huangshan)
  [爬取] 黄山 ...
    英文补充：抓取英文页面 (Huangshan)...
  [EN回退] Huangshan ...
    ✓ 英文补充补充 38 个英文片段
    ✓ 生成 51 个知识片段
[169/873] 处理城市：黟县
  [爬取] 黟县 ...
    ✓ 生成 6 个知识片段
[170/873] 处理城市：上饶 (Shangrao)
  [爬取] 上饶 ...
    英文补充：抓取英文页面 (Shangrao)...
  [EN回退] Shangrao ...
    ✓ 英文补充补充 30 个英文片段
    ✓ 生成 39 个知识片段
[171/873] 处理城市：九江 (Jiujiang)
  [爬取] 九江 ...
    英文补充：抓取英文页面 (Jiujiang)...
  [EN回退] Jiujiang ...
    ✓ 英文补充补充 28 个英文片段
    ✓ 生成 33 个知识片段
[172/873] 处理城市：南昌 (Nanchang)
  [爬取] 南昌 ...
    英文补充：抓取英文页面 (Nanchang)...
  [EN回退] Nanchang ...
    ✓ 英文补充补充 40 个英文片段
    ✓ 生成 47 个知识片段
[173/873] 处理城市：吉安
  [爬取] 吉安 ...
    ✓ 生成 11 个知识片段
[174/873] 处理城市：宜春
  [爬取] 宜春 ...
    ✓ 生成 5 个知识片段
[175/873] 处理城市：抚州
  [爬取] 抚州 ...
    ✓ 生成 4 个知识片段
[176/873] 处理城市：新余 (Xinyu)
  [爬取] 新余 ...
    英文回退：抓取英文页面 (Xinyu)...
  [EN回退] Xinyu ...
    ✓ 英文回退补充 11 个英文片段
    ✓ 生成 14 个知识片段
[177/873] 处理城市：景德镇 (Jingdezhen)
  [爬取] 景德镇 ...
    英文补充：抓取英文页面 (Jingdezhen)...
  [EN回退] Jingdezhen ...
    ✓ 英文补充补充 35 个英文片段
    ✓ 生成 41 个知识片段
[178/873] 处理城市：武功山
  [爬取] 武功山 ...
    ✓ 生成 7 个知识片段
[179/873] 处理城市：萍乡 (Pingxiang (Jiangxi))
  [爬取] 萍乡 ...
    英文补充：抓取英文页面 (Pingxiang (Jiangxi))...
  [EN回退] Pingxiang (Jiangxi) ...
    ✓ 英文补充补充 22 个英文片段
    ✓ 生成 30 个知识片段
[180/873] 处理城市：赣州 (Ganzhou)
  [爬取] 赣州 ...
    英文补充：抓取英文页面 (Ganzhou)...
  [EN回退] Ganzhou ...
    ✓ 英文补充补充 30 个英文片段
    ✓ 生成 45 个知识片段
[181/873] 处理城市：鄱阳湖
  [爬取] 鄱阳湖 ...
    ✓ 生成 1 个知识片段
[182/873] 处理城市：鹰潭
  [爬取] 鹰潭 ...
    ✓ 生成 6 个知识片段
[183/873] 处理城市：万年
  [爬取] 万年 ...
    ✓ 生成 3 个知识片段
[184/873] 处理城市：三清山 (Mount Sanqingshan National Park)
  [爬取] 三清山 ...
    英文回退：抓取英文页面 (Mount Sanqingshan National Park)...
  [EN回退] Mount Sanqingshan National Park ...
    ✓ 英文回退补充 20 个英文片段
    ✓ 生成 24 个知识片段
[185/873] 处理城市：余干
  [爬取] 余干 ...
    ✓ 生成 4 个知识片段
[186/873] 处理城市：婺源 (Wuyuan)
  [爬取] 婺源 ...
    英文补充：抓取英文页面 (Wuyuan)...
  [EN回退] Wuyuan ...
    ✓ 英文补充补充 15 个英文片段
    ✓ 生成 27 个知识片段
[187/873] 处理城市：广丰
  [爬取] 广丰 ...
    ✓ 生成 10 个知识片段
[188/873] 处理城市：弋阳
  [爬取] 弋阳 ...
    ✓ 生成 2 个知识片段
[189/873] 处理城市：德兴
  [爬取] 德兴 ...
    ✓ 生成 4 个知识片段
[190/873] 处理城市：横峰
  [爬取] 横峰 ...
    ✓ 生成 1 个知识片段
[191/873] 处理城市：玉山县
  [爬取] 玉山县 ...
    ✓ 生成 4 个知识片段
[192/873] 处理城市：鄱阳
  [爬取] 鄱阳 ...
    ✓ 生成 4 个知识片段
[193/873] 处理城市：铅山
  [爬取] 铅山 ...
    ✓ 生成 6 个知识片段
[194/873] 处理城市：修水
  [爬取] 修水 ...
    ✓ 生成 5 个知识片段
[195/873] 处理城市：庐山 (Lushan)
  [爬取] 庐山 ...
    英文补充：抓取英文页面 (Lushan)...
  [EN回退] Lushan ...
    ✓ 英文补充补充 11 个英文片段
    ✓ 生成 21 个知识片段
[196/873] 处理城市：彭泽
  [爬取] 彭泽 ...
    ✓ 生成 2 个知识片段
[197/873] 处理城市：德安
  [爬取] 德安 ...
    ✓ 生成 2 个知识片段
[198/873] 处理城市：武宁
  [爬取] 武宁 ...
    ✓ 生成 1 个知识片段
[199/873] 处理城市：永修
  [爬取] 永修 ...
    ✓ 生成 2 个知识片段
[200/873] 处理城市：湖口县
  [爬取] 湖口县 ...
    ✓ 生成 2 个知识片段
[201/873] 处理城市：瑞昌
  [爬取] 瑞昌 ...
    ✓ 生成 1 个知识片段
[202/873] 处理城市：都昌
  [爬取] 都昌 ...
    ✓ 生成 5 个知识片段
[203/873] 处理城市：南昌汉代海昏侯国国家考古遗址公园
  [爬取] 南昌汉代海昏侯国国家考古遗址公园 ...
    ✓ 生成 5 个知识片段
[204/873] 处理城市：安义
  [爬取] 安义 ...
    ✓ 生成 3 个知识片段
[205/873] 处理城市：进贤
  [爬取] 进贤 ...
    ✓ 生成 8 个知识片段
[206/873] 处理城市：万安
  [爬取] 万安 ...
    ✓ 生成 3 个知识片段
[207/873] 处理城市：井冈山 (Jinggangshan)
  [爬取] 井冈山 ...
    英文补充：抓取英文页面 (Jinggangshan)...
  [EN回退] Jinggangshan ...
    ✓ 英文补充补充 5 个英文片段
    ✓ 生成 10 个知识片段
[208/873] 处理城市：吉水
  [爬取] 吉水 ...
    ✓ 生成 5 个知识片段
[209/873] 处理城市：安福
  [爬取] 安福 ...
    ✓ 生成 3 个知识片段
[210/873] 处理城市：峡江
  [爬取] 峡江 ...
    ✓ 生成 3 个知识片段
[211/873] 处理城市：新干
  [爬取] 新干 ...
    ✓ 生成 4 个知识片段
[212/873] 处理城市：永丰
  [爬取] 永丰 ...
    ✓ 生成 4 个知识片段
[213/873] 处理城市：永新
  [爬取] 永新 ...
    ✓ 生成 7 个知识片段
[214/873] 处理城市：泰和
  [爬取] 泰和 ...
    ✓ 生成 4 个知识片段
[215/873] 处理城市：遂川
  [爬取] 遂川 ...
    ✓ 生成 5 个知识片段
[216/873] 处理城市：万载
  [爬取] 万载 ...
    ✓ 生成 4 个知识片段
[217/873] 处理城市：上高
  [爬取] 上高 ...
    ✓ 生成 4 个知识片段
[218/873] 处理城市：丰城
  [爬取] 丰城 ...
    ✓ 生成 3 个知识片段
[219/873] 处理城市：奉新
  [爬取] 奉新 ...
    ✓ 生成 4 个知识片段
[220/873] 处理城市：宜丰
  [爬取] 宜丰 ...
    ✓ 生成 4 个知识片段
[221/873] 处理城市：樟树
  [爬取] 樟树 ...
    ✓ 生成 6 个知识片段
[222/873] 处理城市：铜鼓
  [爬取] 铜鼓 ...
    ✓ 生成 7 个知识片段
[223/873] 处理城市：靖安
  [爬取] 靖安 ...
    ✓ 生成 3 个知识片段
[224/873] 处理城市：高安
  [爬取] 高安 ...
    ✓ 生成 4 个知识片段
[225/873] 处理城市：东乡
  [爬取] 东乡 ...
    ✓ 生成 2 个知识片段
[226/873] 处理城市：乐安
  [爬取] 乐安 ...
    ✓ 生成 8 个知识片段
[227/873] 处理城市：南丰
  [爬取] 南丰 ...
    ✓ 生成 5 个知识片段
[228/873] 处理城市：南城县
  [爬取] 南城县 ...
    ✓ 生成 3 个知识片段
[229/873] 处理城市：宜黄
  [爬取] 宜黄 ...
    ✓ 生成 3 个知识片段
[230/873] 处理城市：崇仁
  [爬取] 崇仁 ...
    ✓ 生成 3 个知识片段
[231/873] 处理城市：广昌
  [爬取] 广昌 ...
    ✓ 生成 5 个知识片段
[232/873] 处理城市：资溪
  [爬取] 资溪 ...
    ✓ 生成 3 个知识片段
[233/873] 处理城市：金溪
  [爬取] 金溪 ...
    ✓ 生成 10 个知识片段
[234/873] 处理城市：黎川
  [爬取] 黎川 ...
    ✓ 生成 3 个知识片段
[235/873] 处理城市：乐平
  [爬取] 乐平 ...
    ✓ 生成 3 个知识片段
[236/873] 处理城市：莲花
  [爬取] 莲花 ...
    ✓ 生成 4 个知识片段
[237/873] 处理城市：上犹
  [爬取] 上犹 ...
    ✓ 生成 4 个知识片段
[238/873] 处理城市：于都
  [爬取] 于都 ...
    ✓ 生成 2 个知识片段
[239/873] 处理城市：会昌
  [爬取] 会昌 ...
    ✓ 生成 4 个知识片段
[240/873] 处理城市：信丰
  [爬取] 信丰 ...
    ✓ 生成 3 个知识片段
[241/873] 处理城市：全南
  [爬取] 全南 ...
    ✓ 生成 1 个知识片段
[242/873] 处理城市：兴国
  [爬取] 兴国 ...
    ✓ 生成 5 个知识片段
[243/873] 处理城市：大余
  [爬取] 大余 ...
    ✓ 生成 2 个知识片段
[244/873] 处理城市：宁都
  [爬取] 宁都 ...
    ✓ 生成 3 个知识片段
[245/873] 处理城市：安远
  [爬取] 安远 ...
    ✓ 生成 2 个知识片段
[246/873] 处理城市：定南
  [爬取] 定南 ...
    ✓ 生成 1 个知识片段
[247/873] 处理城市：寻乌
  [爬取] 寻乌 ...
    ✓ 生成 2 个知识片段
[248/873] 处理城市：崇义
  [爬取] 崇义 ...
    ✓ 生成 1 个知识片段
[249/873] 处理城市：瑞金 (Ruijin)
  [爬取] 瑞金 ...
    英文补充：抓取英文页面 (Ruijin)...
  [EN回退] Ruijin ...
    ✓ 英文补充补充 52 个英文片段
    ✓ 生成 58 个知识片段
[250/873] 处理城市：石城
  [爬取] 石城 ...
    ✓ 生成 2 个知识片段
[251/873] 处理城市：龙南
  [爬取] 龙南 ...
    ✓ 生成 10 个知识片段
[252/873] 处理城市：仙桃
  [爬取] 仙桃 ...
    ✓ 生成 3 个知识片段
[253/873] 处理城市：十堰 (Shiyan)
  [爬取] 十堰 ...
    英文补充：抓取英文页面 (Shiyan)...
  [EN回退] Shiyan ...
    ✓ 英文补充补充 30 个英文片段
    ✓ 生成 35 个知识片段
[254/873] 处理城市：咸宁
  [爬取] 咸宁 ...
    ✓ 生成 3 个知识片段
[255/873] 处理城市：天门
  [爬取] 天门 ...
    ✓ 生成 3 个知识片段
[256/873] 处理城市：孝感 (Xiaogan)
  [爬取] 孝感 ...
    英文回退：抓取英文页面 (Xiaogan)...
  [EN回退] Xiaogan ...
    ✓ 英文回退补充 5 个英文片段
    ✓ 生成 6 个知识片段
[257/873] 处理城市：宜昌 (Yichang)
  [爬取] 宜昌 ...
    英文补充：抓取英文页面 (Yichang)...
  [EN回退] Yichang ...
    ✓ 英文补充补充 67 个英文片段
    ✓ 生成 73 个知识片段
[258/873] 处理城市：恩施州
  [爬取] 恩施州 ...
    ✓ 生成 1 个知识片段
[259/873] 处理城市：武汉 (Wuhan)
  [爬取] 武汉 ...
    英文补充：抓取英文页面 (Wuhan)...
  [EN回退] Wuhan ...
    ✓ 英文补充补充 50 个英文片段
    ✓ 生成 72 个知识片段
[260/873] 处理城市：潜江
  [爬取] 潜江 ...
    ✓ 生成 1 个知识片段
[261/873] 处理城市：神农架 (Shennongjia Forestry District)
  [爬取] 神农架 ...
    英文补充：抓取英文页面 (Shennongjia Forestry District)...
  [EN回退] Shennongjia Forestry District ...
    ✓ 英文补充补充 10 个英文片段
    ✓ 生成 15 个知识片段
[262/873] 处理城市：荆州 (Jingzhou)
  [爬取] 荆州 ...
    英文补充：抓取英文页面 (Jingzhou)...
  [EN回退] Jingzhou ...
    ✓ 英文补充补充 76 个英文片段
    ✓ 生成 83 个知识片段
[263/873] 处理城市：荆门 (Jingmen)
  [爬取] 荆门 ...
    英文回退：抓取英文页面 (Jingmen)...
  [EN回退] Jingmen ...
    ✓ 英文回退补充 38 个英文片段
    ✓ 生成 39 个知识片段
[264/873] 处理城市：襄阳 (Xiangyang)
  [爬取] 襄阳 ...
    英文回退：抓取英文页面 (Xiangyang)...
  [EN回退] Xiangyang ...
    ✓ 英文回退补充 49 个英文片段
    ✓ 生成 51 个知识片段
[265/873] 处理城市：鄂州
  [爬取] 鄂州 ...
    ✓ 生成 14 个知识片段
[266/873] 处理城市：随州
  [爬取] 随州 ...
    ✓ 生成 2 个知识片段
[267/873] 处理城市：黄冈 (Huanggang)
  [爬取] 黄冈 ...
    英文补充：抓取英文页面 (Huanggang)...
  [EN回退] Huanggang ...
    ✓ 英文补充补充 61 个英文片段
    ✓ 生成 70 个知识片段
[268/873] 处理城市：黄石 (Huangshi)
  [爬取] 黄石 ...
    英文回退：抓取英文页面 (Huangshi)...
  [EN回退] Huangshi ...
    ✓ 英文回退补充 23 个英文片段
    ✓ 生成 27 个知识片段
[269/873] 处理城市：大悟
  [爬取] 大悟 ...
    ✓ 生成 1 个知识片段
[270/873] 处理城市：汉川
  [爬取] 汉川 ...
    ✓ 生成 1 个知识片段
[271/873] 处理城市：咸丰
  [爬取] 咸丰 ...
    ✓ 生成 1 个知识片段
[272/873] 处理城市：恩施 (Enshi)
  [爬取] 恩施 ...
    英文回退：抓取英文页面 (Enshi)...
  [EN回退] Enshi ...
    ✓ 英文回退补充 67 个英文片段
    ✓ 生成 69 个知识片段
[273/873] 处理城市：钟祥
  [爬取] 钟祥 ...
    ✓ 生成 17 个知识片段
[274/873] 处理城市：罗田
  [爬取] 罗田 ...
    ✓ 生成 3 个知识片段
[275/873] 处理城市：蕲春
  [爬取] 蕲春 ...
    ✓ 生成 1 个知识片段
[276/873] 处理城市：黄梅 (Huangmei)
  [爬取] 黄梅 ...
    英文回退：抓取英文页面 (Huangmei)...
  [EN回退] Huangmei ...
    ✓ 英文回退补充 33 个英文片段
    ✓ 生成 34 个知识片段
[277/873] 处理城市：娄底
  [爬取] 娄底 ...
    ✓ 生成 1 个知识片段
[278/873] 处理城市：常德 (Changde)
  [爬取] 常德 ...
    英文补充：抓取英文页面 (Changde)...
  [EN回退] Changde ...
    ✓ 英文补充补充 30 个英文片段
    ✓ 生成 36 个知识片段
[279/873] 处理城市：张家界 (Zhangjiajie)
  [爬取] 张家界 ...
    英文补充：抓取英文页面 (Zhangjiajie)...
  [EN回退] Zhangjiajie ...
    ✓ 英文补充补充 66 个英文片段
    ✓ 生成 85 个知识片段
[280/873] 处理城市：怀化 (Huaihua)
  [爬取] 怀化 ...
    英文回退：抓取英文页面 (Huaihua)...
  [EN回退] Huaihua ...
    ✓ 英文回退补充 45 个英文片段
    ✓ 生成 47 个知识片段
[281/873] 处理城市：株洲 (Zhuzhou)
  [爬取] 株洲 ...
    英文回退：抓取英文页面 (Zhuzhou)...
  [EN回退] Zhuzhou ...
    ✓ 英文回退补充 87 个英文片段
    ✓ 生成 89 个知识片段
[282/873] 处理城市：永州 (Yongzhou)
  [爬取] 永州 ...
    英文回退：抓取英文页面 (Yongzhou)...
  [EN回退] Yongzhou ...
    ✓ 英文回退补充 34 个英文片段
    ✓ 生成 38 个知识片段
[283/873] 处理城市：湘潭
  [爬取] 湘潭 ...
    ✓ 生成 3 个知识片段
[284/873] 处理城市：湘西
  [爬取] 湘西 ...
    ✓ 生成 4 个知识片段
[285/873] 处理城市：益阳
  [爬取] 益阳 ...
    ✓ 生成 3 个知识片段
[286/873] 处理城市：衡阳 (Hengyang)
  [爬取] 衡阳 ...
    英文补充：抓取英文页面 (Hengyang)...
  [EN回退] Hengyang ...
    ✓ 英文补充补充 54 个英文片段
    ✓ 生成 59 个知识片段
[287/873] 处理城市：邵阳
  [爬取] 邵阳 ...
    ✓ 生成 2 个知识片段
[288/873] 处理城市：郴州
  [爬取] 郴州 ...
    ✓ 生成 5 个知识片段
[289/873] 处理城市：长沙 (Changsha)
  [爬取] 长沙 ...
    英文补充：抓取英文页面 (Changsha)...
  [EN回退] Changsha ...
    ✓ 英文补充补充 75 个英文片段
    ✓ 生成 85 个知识片段
[290/873] 处理城市：临湘
  [爬取] 临湘 ...
    ✓ 生成 3 个知识片段
[291/873] 处理城市：平江
  [爬取] 平江 ...
    ✓ 生成 2 个知识片段
[292/873] 处理城市：汨罗
  [爬取] 汨罗 ...
    ✓ 生成 6 个知识片段
[293/873] 处理城市：湘阴
  [爬取] 湘阴 ...
    ✓ 生成 2 个知识片段
[294/873] 处理城市：临澧
  [爬取] 临澧 ...
    ✓ 生成 3 个知识片段
[295/873] 处理城市：安乡
  [爬取] 安乡 ...
    ✓ 生成 3 个知识片段
[296/873] 处理城市：桃源
  [爬取] 桃源 ...
    ✓ 生成 3 个知识片段
[297/873] 处理城市：汉寿
  [爬取] 汉寿 ...
    ✓ 生成 3 个知识片段
[298/873] 处理城市：澧县
  [爬取] 澧县 ...
    ✓ 生成 3 个知识片段
[299/873] 处理城市：石门县
  [爬取] 石门县 ...
    ✓ 生成 3 个知识片段
[300/873] 处理城市：中方
  [爬取] 中方 ...
    ✓ 生成 3 个知识片段
[301/873] 处理城市：会同
  [爬取] 会同 ...
    ✓ 生成 3 个知识片段
[302/873] 处理城市：地笋苗寨
  [爬取] 地笋苗寨 ...
    ✓ 生成 1 个知识片段
[303/873] 处理城市：新晃
  [爬取] 新晃 ...
    ✓ 生成 3 个知识片段
[304/873] 处理城市：沅陵
  [爬取] 沅陵 ...
    ✓ 生成 3 个知识片段
[305/873] 处理城市：洪江
  [爬取] 洪江 ...
[306/873] 处理城市：溆浦
  [爬取] 溆浦 ...
    ✓ 生成 3 个知识片段
[307/873] 处理城市：芷江
  [爬取] 芷江 ...
    ✓ 生成 3 个知识片段
[308/873] 处理城市：通道 (Tongdao Dong Autonomous County)
  [爬取] 通道 ...
    英文回退：抓取英文页面 (Tongdao Dong Autonomous County)...
  [EN回退] Tongdao Dong Autonomous County ...
    ✓ 英文回退补充 3 个英文片段
    ✓ 生成 7 个知识片段
[309/873] 处理城市：攸县
  [爬取] 攸县 ...
    ✓ 生成 2 个知识片段
[310/873] 处理城市：醴陵
  [爬取] 醴陵 ...
    ✓ 生成 11 个知识片段
[311/873] 处理城市：东安
  [爬取] 东安 ...
    ✓ 生成 3 个知识片段
[312/873] 处理城市：双牌
  [爬取] 双牌 ...
    ✓ 生成 3 个知识片段
[313/873] 处理城市：宁远
  [爬取] 宁远 ...
    ✓ 生成 3 个知识片段
[314/873] 处理城市：新田
  [爬取] 新田 ...
    ✓ 生成 3 个知识片段
[315/873] 处理城市：江永 (Jiangyong)
  [爬取] 江永 ...
    英文回退：抓取英文页面 (Jiangyong)...
  [EN回退] Jiangyong ...
    ✓ 英文回退补充 3 个英文片段
    ✓ 生成 5 个知识片段
[316/873] 处理城市：保靖
  [爬取] 保靖 ...
    ✓ 生成 3 个知识片段
[317/873] 处理城市：凤凰 (Fenghuang)
  [爬取] 凤凰 ...
    英文回退：抓取英文页面 (Fenghuang)...
  [EN回退] Fenghuang ...
    ✓ 英文回退补充 19 个英文片段
    ✓ 生成 23 个知识片段
[318/873] 处理城市：吉首 (Jishou)
  [爬取] 吉首 ...
    英文回退：抓取英文页面 (Jishou)...
  [EN回退] Jishou ...
    ✓ 英文回退补充 17 个英文片段
    ✓ 生成 20 个知识片段
[319/873] 处理城市：城步
  [爬取] 城步 ...
    ✓ 生成 1 个知识片段
[320/873] 处理城市：洞口
  [爬取] 洞口 ...
    ✓ 生成 1 个知识片段
[321/873] 处理城市：宜章
  [爬取] 宜章 ...
    ✓ 生成 4 个知识片段
[322/873] 处理城市：汝城
  [爬取] 汝城 ...
    ✓ 生成 5 个知识片段
[323/873] 处理城市：芙蓉洞
  [爬取] 芙蓉洞 ...
    ✓ 生成 2 个知识片段
[324/873] 处理城市：金刀峡
  [爬取] 金刀峡 ...
    ✓ 生成 1 个知识片段
[325/873] 处理城市：内蒙古 (Inner Mongolia)
  [爬取] 内蒙古 ...
    英文补充：抓取英文页面 (Inner Mongolia)...
  [EN回退] Inner Mongolia ...
    ✓ 英文补充补充 19 个英文片段
    ✓ 生成 25 个知识片段
[326/873] 处理城市：北京 (Beijing)
  [爬取] 北京 ...
    英文补充：抓取英文页面 (Beijing)...
  [EN回退] Beijing ...
    ✓ 英文补充补充 147 个英文片段
    ✓ 生成 190 个知识片段
[327/873] 处理城市：天津 (Tianjin)
  [爬取] 天津 ...
    英文补充：抓取英文页面 (Tianjin)...
  [EN回退] Tianjin ...
    ✓ 英文补充补充 32 个英文片段
    ✓ 生成 51 个知识片段
[328/873] 处理城市：山东 (Shandong)
  [爬取] 山东 ...
    英文补充：抓取英文页面 (Shandong)...
  [EN回退] Shandong ...
    ✓ 英文补充补充 12 个英文片段
    ✓ 生成 18 个知识片段
[329/873] 处理城市：山西 (Shanxi)
  [爬取] 山西 ...
    英文补充：抓取英文页面 (Shanxi)...
  [EN回退] Shanxi ...
    ✓ 英文补充补充 9 个英文片段
    ✓ 生成 16 个知识片段
[330/873] 处理城市：河北 (Hebei)
  [爬取] 河北 ...
    英文回退：抓取英文页面 (Hebei)...
  [EN回退] Hebei ...
    ✓ 英文回退补充 12 个英文片段
    ✓ 生成 15 个知识片段
[331/873] 处理城市：河南 (Henan)
  [爬取] 河南 ...
    英文回退：抓取英文页面 (Henan)...
  [EN回退] Henan ...
    ✓ 英文回退补充 9 个英文片段
    ✓ 生成 12 个知识片段
[332/873] 处理城市：直隸 (Zhili)
  [爬取] 直隸 ...
    英文回退：抓取英文页面 (Zhili)...
  [EN回退] Zhili ...
    ✓ 英文回退补充 1 个英文片段
    ✓ 生成 2 个知识片段
[333/873] 处理城市：东内蒙古 (Eastern Inner Mongolia)
  [爬取] 东内蒙古 ...
    英文回退：抓取英文页面 (Eastern Inner Mongolia)...
  [EN回退] Eastern Inner Mongolia ...
    ✓ 英文回退补充 4 个英文片段
    ✓ 生成 4 个知识片段
[334/873] 处理城市：东四盟
  [爬取] 东四盟 ...
    ✓ 生成 1 个知识片段
[335/873] 处理城市：中內蒙古 (Central Inner Mongolia)
  [爬取] 中內蒙古 ...
    英文回退：抓取英文页面 (Central Inner Mongolia)...
  [EN回退] Central Inner Mongolia ...
    ✓ 英文回退补充 6 个英文片段
    ✓ 生成 6 个知识片段
[336/873] 处理城市：巴彦淖尔 (Bayan Nur)
  [爬取] 巴彦淖尔 ...
    英文回退：抓取英文页面 (Bayan Nur)...
  [EN回退] Bayan Nur ...
    ✓ 英文回退补充 8 个英文片段
    ✓ 生成 10 个知识片段
[337/873] 处理城市：西內蒙古 (Western Inner Mongolia)
  [爬取] 西內蒙古 ...
    英文回退：抓取英文页面 (Western Inner Mongolia)...
  [EN回退] Western Inner Mongolia ...
    ✓ 英文回退补充 5 个英文片段
    ✓ 生成 5 个知识片段
[338/873] 处理城市：兴安盟
  [爬取] 兴安盟 ...
[339/873] 处理城市：呼伦贝尔
  [爬取] 呼伦贝尔 ...
    ✓ 生成 3 个知识片段
[340/873] 处理城市：海拉爾 (Hailar)
  [爬取] 海拉爾 ...
    英文补充：抓取英文页面 (Hailar)...
  [EN回退] Hailar ...
    ✓ 英文补充补充 26 个英文片段
    ✓ 生成 33 个知识片段
[341/873] 处理城市：滿洲里 (Manzhouli)
  [爬取] 滿洲里 ...
    英文补充：抓取英文页面 (Manzhouli)...
  [EN回退] Manzhouli ...
    ✓ 英文补充补充 76 个英文片段
    ✓ 生成 86 个知识片段
[342/873] 处理城市：乌兰察布 (Ulanqab (prefecture))
  [爬取] 乌兰察布 ...
    英文回退：抓取英文页面 (Ulanqab (prefecture))...
  [EN回退] Ulanqab (prefecture) ...
    ✓ 英文回退补充 1 个英文片段
    ✓ 生成 3 个知识片段
[343/873] 处理城市：赤峰 (Chifeng)
  [爬取] 赤峰 ...
    英文补充：抓取英文页面 (Chifeng)...
  [EN回退] Chifeng ...
    ✓ 英文补充补充 40 个英文片段
    ✓ 生成 50 个知识片段
[344/873] 处理城市：通辽 (Tongliao)
  [爬取] 通辽 ...
    英文回退：抓取英文页面 (Tongliao)...
  [EN回退] Tongliao ...
    ✓ 英文回退补充 5 个英文片段
    ✓ 生成 6 个知识片段
[345/873] 处理城市：锡林郭勒
  [爬取] 锡林郭勒 ...
    ✓ 生成 1 个知识片段
[346/873] 处理城市：集宁 (Jining (Inner Mongolia))
  [爬取] 集宁 ...
    英文回退：抓取英文页面 (Jining (Inner Mongolia))...
  [EN回退] Jining (Inner Mongolia) ...
    ✓ 英文回退补充 4 个英文片段
    ✓ 生成 6 个知识片段
[347/873] 处理城市：二连浩特 (Erlian)
  [爬取] 二连浩特 ...
    英文补充：抓取英文页面 (Erlian)...
  [EN回退] Erlian ...
    ✓ 英文补充补充 20 个英文片段
    ✓ 生成 34 个知识片段
[348/873] 处理城市：正蓝旗
  [爬取] 正蓝旗 ...
[349/873] 处理城市：乌海 (Wuhai)
  [爬取] 乌海 ...
    英文回退：抓取英文页面 (Wuhai)...
  [EN回退] Wuhai ...
    ✓ 英文回退补充 40 个英文片段
    ✓ 生成 43 个知识片段
[350/873] 处理城市：包头 (Baotou)
  [爬取] 包头 ...
    英文补充：抓取英文页面 (Baotou)...
  [EN回退] Baotou ...
    ✓ 英文补充补充 40 个英文片段
    ✓ 生成 50 个知识片段
[351/873] 处理城市：呼和浩特 (Hohhot)
  [爬取] 呼和浩特 ...
    英文补充：抓取英文页面 (Hohhot)...
  [EN回退] Hohhot ...
    ✓ 英文补充补充 54 个英文片段
    ✓ 生成 72 个知识片段
[352/873] 处理城市：鄂尔多斯 (Ordos City)
  [爬取] 鄂尔多斯 ...
    英文回退：抓取英文页面 (Ordos City)...
  [EN回退] Ordos City ...
    ✓ 英文回退补充 25 个英文片段
    ✓ 生成 27 个知识片段
[353/873] 处理城市：阿拉善
  [爬取] 阿拉善 ...
[354/873] 处理城市：额济纳
  [爬取] 额济纳 ...
    ✓ 生成 1 个知识片段
[355/873] 处理城市：通州 (Beijing/Tongzhou)
  [爬取] 通州 ...
    英文补充：抓取英文页面 (Beijing/Tongzhou)...
  [EN回退] Beijing/Tongzhou ...
    ✓ 英文补充补充 53 个英文片段
    ✓ 生成 73 个知识片段
[356/873] 处理城市：香山 (北京)
  [爬取] 香山 (北京) ...
    ✓ 生成 8 个知识片段
[357/873] 处理城市：密云
  [爬取] 密云 ...
    ✓ 生成 6 个知识片段
[358/873] 处理城市：平谷
  [爬取] 平谷 ...
    ✓ 生成 2 个知识片段
[359/873] 处理城市：延庆 (Beijing/Yanqing)
  [爬取] 延庆 ...
    英文补充：抓取英文页面 (Beijing/Yanqing)...
  [EN回退] Beijing/Yanqing ...
    ✓ 英文补充补充 24 个英文片段
    ✓ 生成 31 个知识片段
[360/873] 处理城市：怀柔 (Beijing/Huairou)
  [爬取] 怀柔 ...
    英文补充：抓取英文页面 (Beijing/Huairou)...
  [EN回退] Beijing/Huairou ...
    ✓ 英文补充补充 25 个英文片段
    ✓ 生成 38 个知识片段
[361/873] 处理城市：昌平
  [爬取] 昌平 ...
    ✓ 生成 15 个知识片段
[362/873] 处理城市：顺义
  [爬取] 顺义 ...
    ✓ 生成 6 个知识片段
[363/873] 处理城市：大兴
  [爬取] 大兴 ...
    ✓ 生成 13 个知识片段
[364/873] 处理城市：房山
  [爬取] 房山 ...
    ✓ 生成 3 个知识片段
[365/873] 处理城市：门头沟 (Beijing/Mentougou)
  [爬取] 门头沟 ...
    英文补充：抓取英文页面 (Beijing/Mentougou)...
  [EN回退] Beijing/Mentougou ...
    ✓ 英文补充补充 8 个英文片段
    ✓ 生成 16 个知识片段
[366/873] 处理城市：鲁东
  [爬取] 鲁东 ...
    ✓ 生成 1 个知识片段
[367/873] 处理城市：鲁中
  [爬取] 鲁中 ...
    ✓ 生成 1 个知识片段
[368/873] 处理城市：鲁西
  [爬取] 鲁西 ...
    [重试 1/3] Request failed with status code 502，等待 3s...
    ✓ 生成 1 个知识片段
[369/873] 处理城市：东营 (Dongying)
  [爬取] 东营 ...
    英文回退：抓取英文页面 (Dongying)...
  [EN回退] Dongying ...
    ✓ 英文回退补充 24 个英文片段
    ✓ 生成 26 个知识片段
[370/873] 处理城市：威海 (Weihai)
  [爬取] 威海 ...
    英文回退：抓取英文页面 (Weihai)...
  [EN回退] Weihai ...
    ✓ 英文回退补充 67 个英文片段
    ✓ 生成 70 个知识片段
[371/873] 处理城市：日照 (Rizhao)
  [爬取] 日照 ...
    英文回退：抓取英文页面 (Rizhao)...
  [EN回退] Rizhao ...
    ✓ 英文回退补充 93 个英文片段
    ✓ 生成 96 个知识片段
[372/873] 处理城市：烟台 (Yantai)
  [爬取] 烟台 ...
    英文补充：抓取英文页面 (Yantai)...
  [EN回退] Yantai ...
    ✓ 英文补充补充 55 个英文片段
    ✓ 生成 66 个知识片段
[373/873] 处理城市：青岛 (Qingdao)
  [爬取] 青岛 ...
    英文补充：抓取英文页面 (Qingdao)...
  [EN回退] Qingdao ...
    ✓ 英文补充补充 120 个英文片段
    ✓ 生成 146 个知识片段
[374/873] 处理城市：蓬莱 (Penglai)
  [爬取] 蓬莱 ...
    英文补充：抓取英文页面 (Penglai)...
  [EN回退] Penglai ...
    ✓ 英文补充补充 36 个英文片段
    ✓ 生成 47 个知识片段
[375/873] 处理城市：临沂 (Linyi)
  [爬取] 临沂 ...
    英文补充：抓取英文页面 (Linyi)...
  [EN回退] Linyi ...
    ✓ 英文补充补充 40 个英文片段
    ✓ 生成 48 个知识片段
[376/873] 处理城市：泰安 (Tai'an)
  [爬取] 泰安 ...
    英文补充：抓取英文页面 (Tai'an)...
  [EN回退] Tai'an ...
    ✓ 英文补充补充 53 个英文片段
    ✓ 生成 59 个知识片段
[377/873] 处理城市：济南 (Jinan)
  [爬取] 济南 ...
    英文补充：抓取英文页面 (Jinan)...
  [EN回退] Jinan ...
    ✓ 英文补充补充 158 个英文片段
    ✓ 生成 198 个知识片段
[378/873] 处理城市：淄博 (Zibo)
  [爬取] 淄博 ...
    英文回退：抓取英文页面 (Zibo)...
  [EN回退] Zibo ...
    ✓ 英文回退补充 77 个英文片段
    ✓ 生成 79 个知识片段
[379/873] 处理城市：潍坊 (Weifang)
  [爬取] 潍坊 ...
    英文补充：抓取英文页面 (Weifang)...
  [EN回退] Weifang ...
    ✓ 英文补充补充 48 个英文片段
    ✓ 生成 54 个知识片段
[380/873] 处理城市：东平
  [爬取] 东平 ...
    ✓ 生成 8 个知识片段
[381/873] 处理城市：泰山 (Mount Tai)
  [爬取] 泰山 ...
    英文补充：抓取英文页面 (Mount Tai)...
  [EN回退] Mount Tai ...
    ✓ 英文补充补充 18 个英文片段
    ✓ 生成 28 个知识片段
[382/873] 处理城市：神童山森林公园
  [爬取] 神童山森林公园 ...
    ✓ 生成 1 个知识片段
[383/873] 处理城市：肥城
  [爬取] 肥城 ...
    ✓ 生成 1 个知识片段
[384/873] 处理城市：莱芜 (Laiwu)
  [爬取] 莱芜 ...
    英文补充：抓取英文页面 (Laiwu)...
  [EN回退] Laiwu ...
    ✓ 英文补充补充 74 个英文片段
    ✓ 生成 107 个知识片段
[385/873] 处理城市：雪野湖
  [爬取] 雪野湖 ...
    ✓ 生成 6 个知识片段
[386/873] 处理城市：临朐
  [爬取] 临朐 ...
    ✓ 生成 1 个知识片段
[387/873] 处理城市：寿光
  [爬取] 寿光 ...
    ✓ 生成 8 个知识片段
[388/873] 处理城市：青州 (Qingzhou)
  [爬取] 青州 ...
    英文补充：抓取英文页面 (Qingzhou)...
  [EN回退] Qingzhou ...
    ✓ 英文补充补充 25 个英文片段
    ✓ 生成 47 个知识片段
[389/873] 处理城市：德州 (Dezhou)
  [爬取] 德州 ...
    英文回退：抓取英文页面 (Dezhou)...
  [EN回退] Dezhou ...
    ✓ 英文回退补充 49 个英文片段
    ✓ 生成 52 个知识片段
[390/873] 处理城市：枣庄 (Zaozhuang)
  [爬取] 枣庄 ...
    英文补充：抓取英文页面 (Zaozhuang)...
  [EN回退] Zaozhuang ...
    ✓ 英文补充补充 53 个英文片段
    ✓ 生成 59 个知识片段
[391/873] 处理城市：济宁 (Jining (Shandong))
  [爬取] 济宁 ...
    英文补充：抓取英文页面 (Jining (Shandong))...
  [EN回退] Jining (Shandong) ...
    ✓ 英文补充补充 35 个英文片段
    ✓ 生成 41 个知识片段
[392/873] 处理城市：滨州
  [爬取] 滨州 ...
    ✓ 生成 3 个知识片段
[393/873] 处理城市：聊城
  [爬取] 聊城 ...
    ✓ 生成 3 个知识片段
[394/873] 处理城市：菏泽 (Heze)
  [爬取] 菏泽 ...
    英文回退：抓取英文页面 (Heze)...
  [EN回退] Heze ...
    ✓ 英文回退补充 43 个英文片段
    ✓ 生成 45 个知识片段
[395/873] 处理城市：曲阜 (Qufu)
  [爬取] 曲阜 ...
    英文回退：抓取英文页面 (Qufu)...
  [EN回退] Qufu ...
    ✓ 英文回退补充 26 个英文片段
    ✓ 生成 29 个知识片段
[396/873] 处理城市：邹城 (Zoucheng)
  [爬取] 邹城 ...
    英文回退：抓取英文页面 (Zoucheng)...
  [EN回退] Zoucheng ...
    ✓ 英文回退补充 21 个英文片段
    ✓ 生成 22 个知识片段
[397/873] 处理城市：东明
  [爬取] 东明 ...
    ✓ 生成 1 个知识片段
[398/873] 处理城市：单县 (Shanxian)
  [爬取] 单县 ...
    英文回退：抓取英文页面 (Shanxian)...
  [EN回退] Shanxian ...
    ✓ 英文回退补充 18 个英文片段
    ✓ 生成 19 个知识片段
[399/873] 处理城市：巨野
  [爬取] 巨野 ...
    ✓ 生成 2 个知识片段
[400/873] 处理城市：临汾 (Linfen)
  [爬取] 临汾 ...
    英文回退：抓取英文页面 (Linfen)...
  [EN回退] Linfen ...
    ✓ 英文回退补充 89 个英文片段
    ✓ 生成 91 个知识片段
[401/873] 处理城市：吕梁 (Luliang)
  [爬取] 吕梁 ...
    英文回退：抓取英文页面 (Luliang)...
  [EN回退] Luliang ...
    ✓ 英文回退补充 13 个英文片段
    ✓ 生成 16 个知识片段
[402/873] 处理城市：大同 (Datong)
  [爬取] 大同 ...
    英文补充：抓取英文页面 (Datong)...
  [EN回退] Datong ...
    ✓ 英文补充补充 59 个英文片段
    ✓ 生成 116 个知识片段
[403/873] 处理城市：太原 (Taiyuan)
  [爬取] 太原 ...
    英文补充：抓取英文页面 (Taiyuan)...
  [EN回退] Taiyuan ...
    ✓ 英文补充补充 103 个英文片段
    ✓ 生成 112 个知识片段
[404/873] 处理城市：忻州 (Xinzhou)
  [爬取] 忻州 ...
    英文回退：抓取英文页面 (Xinzhou)...
  [EN回退] Xinzhou ...
    ✓ 英文回退补充 13 个英文片段
    ✓ 生成 16 个知识片段
[405/873] 处理城市：晋中 (Jinzhong)
  [爬取] 晋中 ...
    英文回退：抓取英文页面 (Jinzhong)...
  [EN回退] Jinzhong ...
    ✓ 英文回退补充 49 个英文片段
    ✓ 生成 51 个知识片段
[406/873] 处理城市：晋城 (Jincheng)
  [爬取] 晋城 ...
    英文回退：抓取英文页面 (Jincheng)...
  [EN回退] Jincheng ...
    ✓ 英文回退补充 47 个英文片段
    ✓ 生成 50 个知识片段
[407/873] 处理城市：朔州
  [爬取] 朔州 ...
    ✓ 生成 6 个知识片段
[408/873] 处理城市：运城 (Yuncheng)
  [爬取] 运城 ...
    英文回退：抓取英文页面 (Yuncheng)...
  [EN回退] Yuncheng ...
    ✓ 英文回退补充 24 个英文片段
    ✓ 生成 27 个知识片段
[409/873] 处理城市：长治 (Changzhi)
  [爬取] 长治 ...
    英文补充：抓取英文页面 (Changzhi)...
  [EN回退] Changzhi ...
    ✓ 英文补充补充 20 个英文片段
    ✓ 生成 26 个知识片段
[410/873] 处理城市：阳泉 (Yangquan)
  [爬取] 阳泉 ...
    英文回退：抓取英文页面 (Yangquan)...
  [EN回退] Yangquan ...
    ✓ 英文回退补充 19 个英文片段
    ✓ 生成 22 个知识片段
[411/873] 处理城市：雁北专区
  [爬取] 雁北专区 ...
    ✓ 生成 1 个知识片段
[412/873] 处理城市：乡宁
  [爬取] 乡宁 ...
    ✓ 生成 1 个知识片段
[413/873] 处理城市：侯马
  [爬取] 侯马 ...
    ✓ 生成 2 个知识片段
[414/873] 处理城市：古县
  [爬取] 古县 ...
    ✓ 生成 1 个知识片段
[415/873] 处理城市：吉县
  [爬取] 吉县 ...
    ✓ 生成 2 个知识片段
[416/873] 处理城市：大宁
  [爬取] 大宁 ...
    ✓ 生成 1 个知识片段
[417/873] 处理城市：安泽
  [爬取] 安泽 ...
    ✓ 生成 2 个知识片段
[418/873] 处理城市：曲沃
  [爬取] 曲沃 ...
    ✓ 生成 2 个知识片段
[419/873] 处理城市：永和县
  [爬取] 永和县 ...
    ✓ 生成 1 个知识片段
[420/873] 处理城市：汾西
  [爬取] 汾西 ...
    ✓ 生成 2 个知识片段
[421/873] 处理城市：洪洞
  [爬取] 洪洞 ...
    ✓ 生成 2 个知识片段
[422/873] 处理城市：浮山
  [爬取] 浮山 ...
    ✓ 生成 2 个知识片段
[423/873] 处理城市：翼城
  [爬取] 翼城 ...
    ✓ 生成 2 个知识片段
[424/873] 处理城市：蒲县
  [爬取] 蒲县 ...
    ✓ 生成 3 个知识片段
[425/873] 处理城市：襄汾
  [爬取] 襄汾 ...
    ✓ 生成 2 个知识片段
[426/873] 处理城市：隰县
  [爬取] 隰县 ...
    ✓ 生成 2 个知识片段
[427/873] 处理城市：霍州
  [爬取] 霍州 ...
    ✓ 生成 2 个知识片段
[428/873] 处理城市：中阳
  [爬取] 中阳 ...
    ✓ 生成 3 个知识片段
[429/873] 处理城市：临县
  [爬取] 临县 ...
    ✓ 生成 2 个知识片段
[430/873] 处理城市：交口
  [爬取] 交口 ...
    ✓ 生成 2 个知识片段
[431/873] 处理城市：交城
  [爬取] 交城 ...
    ✓ 生成 2 个知识片段
[432/873] 处理城市：兴县
  [爬取] 兴县 ...
    ✓ 生成 2 个知识片段
[433/873] 处理城市：孝义
  [爬取] 孝义 ...
    ✓ 生成 2 个知识片段
[434/873] 处理城市：岚县
  [爬取] 岚县 ...
    ✓ 生成 11 个知识片段
[435/873] 处理城市：文水
  [爬取] 文水 ...
    ✓ 生成 2 个知识片段
[436/873] 处理城市：方山
  [爬取] 方山 ...
    ✓ 生成 2 个知识片段
[437/873] 处理城市：柳林
  [爬取] 柳林 ...
    ✓ 生成 2 个知识片段
[438/873] 处理城市：汾阳
  [爬取] 汾阳 ...
    ✓ 生成 3 个知识片段
[439/873] 处理城市：石楼
  [爬取] 石楼 ...
    ✓ 生成 2 个知识片段
[440/873] 处理城市：天镇
  [爬取] 天镇 ...
    ✓ 生成 3 个知识片段
[441/873] 处理城市：左云
  [爬取] 左云 ...
    ✓ 生成 1 个知识片段
[442/873] 处理城市：广灵
  [爬取] 广灵 ...
    ✓ 生成 3 个知识片段
[443/873] 处理城市：浑源 (Hunyuan)
  [爬取] 浑源 ...
    英文回退：抓取英文页面 (Hunyuan)...
  [EN回退] Hunyuan ...
    ✓ 英文回退补充 59 个英文片段
    ✓ 生成 62 个知识片段
[444/873] 处理城市：灵丘
  [爬取] 灵丘 ...
    ✓ 生成 3 个知识片段
[445/873] 处理城市：阳高
  [爬取] 阳高 ...
    ✓ 生成 3 个知识片段
[446/873] 处理城市：古交
  [爬取] 古交 ...
    ✓ 生成 5 个知识片段
[447/873] 处理城市：娄烦
  [爬取] 娄烦 ...
    ✓ 生成 3 个知识片段
[448/873] 处理城市：清徐
  [爬取] 清徐 ...
    ✓ 生成 5 个知识片段
[449/873] 处理城市：阳曲
  [爬取] 阳曲 ...
    ✓ 生成 3 个知识片段
[450/873] 处理城市：五台
  [爬取] 五台 ...
    ✓ 生成 2 个知识片段
[451/873] 处理城市：五台山 (Wutaishan National Park)
  [爬取] 五台山 ...
    英文补充：抓取英文页面 (Wutaishan National Park)...
  [EN回退] Wutaishan National Park ...
    ✓ 英文补充补充 24 个英文片段
    ✓ 生成 31 个知识片段
[452/873] 处理城市：五寨
  [爬取] 五寨 ...
    ✓ 生成 1 个知识片段
[453/873] 处理城市：代县
  [爬取] 代县 ...
    ✓ 生成 2 个知识片段
[454/873] 处理城市：保德
  [爬取] 保德 ...
    ✓ 生成 1 个知识片段
[455/873] 处理城市：偏关
  [爬取] 偏关 ...
    ✓ 生成 2 个知识片段
[456/873] 处理城市：原平
  [爬取] 原平 ...
    ✓ 生成 2 个知识片段
[457/873] 处理城市：宁武
  [爬取] 宁武 ...
    ✓ 生成 2 个知识片段
[458/873] 处理城市：定襄
  [爬取] 定襄 ...
    ✓ 生成 2 个知识片段
[459/873] 处理城市：岢岚
  [爬取] 岢岚 ...
    ✓ 生成 1 个知识片段
[460/873] 处理城市：河曲
  [爬取] 河曲 ...
    ✓ 生成 2 个知识片段
[461/873] 处理城市：神池
  [爬取] 神池 ...
    [重试 1/3] Request failed with status code 502，等待 3s...
    ✓ 生成 1 个知识片段
[462/873] 处理城市：繁峙
  [爬取] 繁峙 ...
    ✓ 生成 2 个知识片段
[463/873] 处理城市：静乐
  [爬取] 静乐 ...
    ✓ 生成 1 个知识片段
[464/873] 处理城市：介休
  [爬取] 介休 ...
    ✓ 生成 2 个知识片段
[465/873] 处理城市：和顺
  [爬取] 和顺 ...
    ✓ 生成 2 个知识片段
[466/873] 处理城市：太谷
  [爬取] 太谷 ...
    ✓ 生成 4 个知识片段
[467/873] 处理城市：寿阳
  [爬取] 寿阳 ...
    ✓ 生成 3 个知识片段
[468/873] 处理城市：左权
  [爬取] 左权 ...
    ✓ 生成 3 个知识片段
[469/873] 处理城市：平遥 (Pingyao)
  [爬取] 平遥 ...
    英文补充：抓取英文页面 (Pingyao)...
  [EN回退] Pingyao ...
    ✓ 英文补充补充 47 个英文片段
    ✓ 生成 54 个知识片段
[470/873] 处理城市：昔阳
  [爬取] 昔阳 ...
    ✓ 生成 3 个知识片段
[471/873] 处理城市：榆社
  [爬取] 榆社 ...
    ✓ 生成 2 个知识片段
[472/873] 处理城市：灵石
  [爬取] 灵石 ...
    ✓ 生成 2 个知识片段
[473/873] 处理城市：祁县
  [爬取] 祁县 ...
    ✓ 生成 3 个知识片段
[474/873] 处理城市：沁水
  [爬取] 沁水 ...
    ✓ 生成 2 个知识片段
[475/873] 处理城市：阳城
  [爬取] 阳城 ...
    ✓ 生成 2 个知识片段
[476/873] 处理城市：陵川
  [爬取] 陵川 ...
    ✓ 生成 2 个知识片段
[477/873] 处理城市：高平
  [爬取] 高平 ...
    ✓ 生成 2 个知识片段
[478/873] 处理城市：右玉
  [爬取] 右玉 ...
    ✓ 生成 2 个知识片段
[479/873] 处理城市：山阴
  [爬取] 山阴 ...
    ✓ 生成 2 个知识片段
[480/873] 处理城市：平鲁
  [爬取] 平鲁 ...
    ✓ 生成 2 个知识片段
[481/873] 处理城市：应县
  [爬取] 应县 ...
    ✓ 生成 3 个知识片段
[482/873] 处理城市：怀仁
  [爬取] 怀仁 ...
    ✓ 生成 4 个知识片段
[483/873] 处理城市：万荣
  [爬取] 万荣 ...
    ✓ 生成 3 个知识片段
[484/873] 处理城市：临猗
  [爬取] 临猗 ...
    ✓ 生成 2 个知识片段
[485/873] 处理城市：垣曲
  [爬取] 垣曲 ...
    ✓ 生成 2 个知识片段
[486/873] 处理城市：夏县
  [爬取] 夏县 ...
    [重试 1/3] Request failed with status code 502，等待 3s...
    ✓ 生成 2 个知识片段
[487/873] 处理城市：平陆
  [爬取] 平陆 ...
    ✓ 生成 2 个知识片段
[488/873] 处理城市：新绛
  [爬取] 新绛 ...
    ✓ 生成 2 个知识片段
[489/873] 处理城市：永济
  [爬取] 永济 ...
    ✓ 生成 2 个知识片段
[490/873] 处理城市：河津
  [爬取] 河津 ...
    ✓ 生成 2 个知识片段
[491/873] 处理城市：稷山
  [爬取] 稷山 ...
    ✓ 生成 2 个知识片段
[492/873] 处理城市：绛县
  [爬取] 绛县 ...
    ✓ 生成 2 个知识片段
[493/873] 处理城市：芮城
  [爬取] 芮城 ...
    ✓ 生成 4 个知识片段
[494/873] 处理城市：闻喜
  [爬取] 闻喜 ...
    ✓ 生成 2 个知识片段
[495/873] 处理城市：壶关
  [爬取] 壶关 ...
    ✓ 生成 3 个知识片段
[496/873] 处理城市：屯留
  [爬取] 屯留 ...
    ✓ 生成 2 个知识片段
[497/873] 处理城市：平顺
  [爬取] 平顺 ...
    ✓ 生成 2 个知识片段
[498/873] 处理城市：武乡
  [爬取] 武乡 ...
    ✓ 生成 2 个知识片段
[499/873] 处理城市：沁县
  [爬取] 沁县 ...
    ✓ 生成 2 个知识片段
[500/873] 处理城市：沁源
  [爬取] 沁源 ...
    ✓ 生成 3 个知识片段
[501/873] 处理城市：潞城
  [爬取] 潞城 ...
    ✓ 生成 3 个知识片段
[502/873] 处理城市：襄垣
  [爬取] 襄垣 ...
    ✓ 生成 2 个知识片段
[503/873] 处理城市：长子
  [爬取] 长子 ...
    ✓ 生成 2 个知识片段
[504/873] 处理城市：黎城
  [爬取] 黎城 ...
    [重试 1/3] Request failed with status code 502，等待 3s...
    ✓ 生成 2 个知识片段
[505/873] 处理城市：娘子关 (Niangziguan)
  [爬取] 娘子关 ...
    英文回退：抓取英文页面 (Niangziguan)...
  [EN回退] Niangziguan ...
    ✓ 英文回退补充 19 个英文片段
    ✓ 生成 20 个知识片段
[506/873] 处理城市：平定
  [爬取] 平定 ...
    ✓ 生成 5 个知识片段
[507/873] 处理城市：盂县
  [爬取] 盂县 ...
    ✓ 生成 3 个知识片段
[508/873] 处理城市：保定 (Baoding)
  [爬取] 保定 ...
    英文补充：抓取英文页面 (Baoding)...
  [EN回退] Baoding ...
    ✓ 英文补充补充 42 个英文片段
    ✓ 生成 51 个知识片段
[509/873] 处理城市：唐山 (Tangshan)
  [爬取] 唐山 ...
    英文回退：抓取英文页面 (Tangshan)...
  [EN回退] Tangshan ...
    ✓ 英文回退补充 68 个英文片段
    ✓ 生成 69 个知识片段
[510/873] 处理城市：廊坊
  [爬取] 廊坊 ...
    ✓ 生成 4 个知识片段
[511/873] 处理城市：张家口 (Zhangjiakou)
  [爬取] 张家口 ...
    英文回退：抓取英文页面 (Zhangjiakou)...
  [EN回退] Zhangjiakou ...
    ✓ 英文回退补充 20 个英文片段
    ✓ 生成 23 个知识片段
[512/873] 处理城市：承德 (Chengde)
  [爬取] 承德 ...
    英文补充：抓取英文页面 (Chengde)...
  [EN回退] Chengde ...
    ✓ 英文补充补充 21 个英文片段
    ✓ 生成 26 个知识片段
[513/873] 处理城市：沧州 (Cangzhou)
  [爬取] 沧州 ...
    英文回退：抓取英文页面 (Cangzhou)...
  [EN回退] Cangzhou ...
    ✓ 英文回退补充 101 个英文片段
    ✓ 生成 103 个知识片段
[514/873] 处理城市：石家庄 (Shijiazhuang)
  [爬取] 石家庄 ...
    英文补充：抓取英文页面 (Shijiazhuang)...
  [EN回退] Shijiazhuang ...
    ✓ 英文补充补充 41 个英文片段
    ✓ 生成 48 个知识片段
[515/873] 处理城市：秦皇岛 (Qinhuangdao)
  [爬取] 秦皇岛 ...
    英文补充：抓取英文页面 (Qinhuangdao)...
  [EN回退] Qinhuangdao ...
    ✓ 英文补充补充 34 个英文片段
    ✓ 生成 39 个知识片段
[516/873] 处理城市：衡水 (Hengshui)
  [爬取] 衡水 ...
    英文回退：抓取英文页面 (Hengshui)...
  [EN回退] Hengshui ...
    ✓ 英文回退补充 11 个英文片段
    ✓ 生成 13 个知识片段
[517/873] 处理城市：邢台
  [爬取] 邢台 ...
    ✓ 生成 3 个知识片段
[518/873] 处理城市：邯郸 (Handan)
  [爬取] 邯郸 ...
    英文回退：抓取英文页面 (Handan)...
  [EN回退] Handan ...
    ✓ 英文回退补充 40 个英文片段
    ✓ 生成 44 个知识片段
[519/873] 处理城市：唐县
  [爬取] 唐县 ...
    ✓ 生成 1 个知识片段
[520/873] 处理城市：安国
  [爬取] 安国 ...
    ✓ 生成 1 个知识片段
[521/873] 处理城市：易县 (Yi County)
  [爬取] 易县 ...
    英文回退：抓取英文页面 (Yi County)...
  [EN回退] Yi County ...
    ✓ 英文回退补充 42 个英文片段
    ✓ 生成 43 个知识片段
[522/873] 处理城市：望都
  [爬取] 望都 ...
    ✓ 生成 1 个知识片段
[523/873] 处理城市：雄安新区
  [爬取] 雄安新区 ...
    ✓ 生成 1 个知识片段
[524/873] 处理城市：顺平
  [爬取] 顺平 ...
    ✓ 生成 1 个知识片段
[525/873] 处理城市：高碑店
  [爬取] 高碑店 ...
    ✓ 生成 4 个知识片段
[526/873] 处理城市：滦州
  [爬取] 滦州 ...
    ✓ 生成 2 个知识片段
[527/873] 处理城市：玉田
  [爬取] 玉田 ...
    ✓ 生成 2 个知识片段
[528/873] 处理城市：遵化 (Zunhua)
  [爬取] 遵化 ...
    英文回退：抓取英文页面 (Zunhua)...
  [EN回退] Zunhua ...
    ✓ 英文回退补充 9 个英文片段
    ✓ 生成 11 个知识片段
[529/873] 处理城市：三河
  [爬取] 三河 ...
    ✓ 生成 5 个知识片段
[530/873] 处理城市：北三县
  [爬取] 北三县 ...
    ✓ 生成 1 个知识片段
[531/873] 处理城市：固安
  [爬取] 固安 ...
    ✓ 生成 8 个知识片段
[532/873] 处理城市：香河
  [爬取] 香河 ...
    ✓ 生成 9 个知识片段
[533/873] 处理城市：滦平
  [爬取] 滦平 ...
    ✓ 生成 6 个知识片段
[534/873] 处理城市：任丘
  [爬取] 任丘 ...
    ✓ 生成 1 个知识片段
[535/873] 处理城市：吴桥
  [爬取] 吴桥 ...
    ✓ 生成 2 个知识片段
[536/873] 处理城市：肃宁
  [爬取] 肃宁 ...
    ✓ 生成 1 个知识片段
[537/873] 处理城市：青县
  [爬取] 青县 ...
    ✓ 生成 1 个知识片段
[538/873] 处理城市：井陉县
  [爬取] 井陉县 ...
    ✓ 生成 2 个知识片段
[539/873] 处理城市：井陉矿区
  [爬取] 井陉矿区 ...
    ✓ 生成 3 个知识片段
[540/873] 处理城市：元氏
  [爬取] 元氏 ...
    ✓ 生成 2 个知识片段
[541/873] 处理城市：平山 (Pingshan County)
  [爬取] 平山 ...
    英文回退：抓取英文页面 (Pingshan County)...
  [EN回退] Pingshan County ...
    ✓ 英文回退补充 5 个英文片段
    ✓ 生成 7 个知识片段
[542/873] 处理城市：无极
  [爬取] 无极 ...
    ✓ 生成 1 个知识片段
[543/873] 处理城市：深泽
  [爬取] 深泽 ...
    ✓ 生成 1 个知识片段
[544/873] 处理城市：藁城
  [爬取] 藁城 ...
    ✓ 生成 2 个知识片段
[545/873] 处理城市：行唐
  [爬取] 行唐 ...
    ✓ 生成 1 个知识片段
[546/873] 处理城市：辛集
  [爬取] 辛集 ...
    ✓ 生成 1 个知识片段
[547/873] 处理城市：山海关 (Qinhuangdao/Shanhaiguan)
  [爬取] 山海关 ...
    英文回退：抓取英文页面 (Qinhuangdao/Shanhaiguan)...
  [EN回退] Qinhuangdao/Shanhaiguan ...
    ✓ 英文回退补充 34 个英文片段
    ✓ 生成 34 个知识片段
[548/873] 处理城市：临城
  [爬取] 临城 ...
    ✓ 生成 1 个知识片段
[549/873] 处理城市：临西
  [爬取] 临西 ...
    ✓ 生成 1 个知识片段
[550/873] 处理城市：任泽
  [爬取] 任泽 ...
    ✓ 生成 2 个知识片段
[551/873] 处理城市：平乡
  [爬取] 平乡 ...
    ✓ 生成 2 个知识片段
[552/873] 处理城市：沙河
  [爬取] 沙河 ...
    ✓ 生成 1 个知识片段
[553/873] 处理城市：清河
  [爬取] 清河 ...
    ✓ 生成 1 个知识片段
[554/873] 处理城市：隆尧
  [爬取] 隆尧 ...
    ✓ 生成 1 个知识片段
[555/873] 处理城市：大名
  [爬取] 大名 ...
    ✓ 生成 2 个知识片段
[556/873] 处理城市：曲周
  [爬取] 曲周 ...
    ✓ 生成 2 个知识片段
[557/873] 处理城市：涉县
  [爬取] 涉县 ...
    ✓ 生成 2 个知识片段
[558/873] 处理城市：馆陶
  [爬取] 馆陶 ...
    ✓ 生成 1 个知识片段
[559/873] 处理城市：魏县
  [爬取] 魏县 ...
    ✓ 生成 1 个知识片段
[560/873] 处理城市：豫东 (East Henan)
  [爬取] 豫东 ...
    英文回退：抓取英文页面 (East Henan)...
  [EN回退] East Henan ...
    ✓ 英文回退补充 5 个英文片段
    ✓ 生成 6 个知识片段
[561/873] 处理城市：豫中 (Central Henan)
  [爬取] 豫中 ...
    英文回退：抓取英文页面 (Central Henan)...
  [EN回退] Central Henan ...
    ✓ 英文回退补充 5 个英文片段
    ✓ 生成 5 个知识片段
[562/873] 处理城市：豫北 (North Henan)
  [爬取] 豫北 ...
    英文回退：抓取英文页面 (North Henan)...
  [EN回退] North Henan ...
    ✓ 英文回退补充 1 个英文片段
    ✓ 生成 1 个知识片段
[563/873] 处理城市：豫南 (South Henan)
  [爬取] 豫南 ...
    英文回退：抓取英文页面 (South Henan)...
  [EN回退] South Henan ...
    ✓ 英文回退补充 2 个英文片段
    ✓ 生成 2 个知识片段
[564/873] 处理城市：豫西 (West Henan)
  [爬取] 豫西 ...
    英文回退：抓取英文页面 (West Henan)...
  [EN回退] West Henan ...
    ✓ 英文回退补充 7 个英文片段
    ✓ 生成 7 个知识片段
[565/873] 处理城市：周口 (Zhoukou)
  [爬取] 周口 ...
    英文回退：抓取英文页面 (Zhoukou)...
  [EN回退] Zhoukou ...
    ✓ 英文回退补充 64 个英文片段
    ✓ 生成 66 个知识片段
[566/873] 处理城市：商丘 (Shangqiu)
  [爬取] 商丘 ...
    英文补充：抓取英文页面 (Shangqiu)...
  [EN回退] Shangqiu ...
    ✓ 英文补充补充 47 个英文片段
    ✓ 生成 52 个知识片段
[567/873] 处理城市：开封 (Kaifeng)
  [爬取] 开封 ...
    英文补充：抓取英文页面 (Kaifeng)...
  [EN回退] Kaifeng ...
    [重试 1/3] Request failed with status code 502，等待 3s...
    ✓ 英文补充补充 63 个英文片段
    ✓ 生成 70 个知识片段
[568/873] 处理城市：夏邑
  [爬取] 夏邑 ...
    ✓ 生成 1 个知识片段
[569/873] 处理城市：宁陵
  [爬取] 宁陵 ...
    ✓ 生成 1 个知识片段
[570/873] 处理城市：睢县
  [爬取] 睢县 ...
    ✓ 生成 1 个知识片段
[571/873] 处理城市：虞城
  [爬取] 虞城 ...
    ✓ 生成 1 个知识片段
[572/873] 处理城市：兰考
  [爬取] 兰考 ...
    ✓ 生成 4 个知识片段
[573/873] 处理城市：尉氏
  [爬取] 尉氏 ...
    ✓ 生成 1 个知识片段
[574/873] 处理城市：杞县
  [爬取] 杞县 ...
    ✓ 生成 2 个知识片段
[575/873] 处理城市：平顶山 (Pingdingshan)
  [爬取] 平顶山 ...
    英文补充：抓取英文页面 (Pingdingshan)...
  [EN回退] Pingdingshan ...
    ✓ 英文补充补充 63 个英文片段
    ✓ 生成 78 个知识片段
[576/873] 处理城市：漯河
  [爬取] 漯河 ...
    ✓ 生成 13 个知识片段
[577/873] 处理城市：许昌 (Xuchang)
  [爬取] 许昌 ...
    英文补充：抓取英文页面 (Xuchang)...
  [EN回退] Xuchang ...
    ✓ 英文补充补充 51 个英文片段
    ✓ 生成 57 个知识片段
[578/873] 处理城市：郑州 (Zhengzhou)
  [爬取] 郑州 ...
    英文补充：抓取英文页面 (Zhengzhou)...
  [EN回退] Zhengzhou ...
    ✓ 英文补充补充 78 个英文片段
    ✓ 生成 99 个知识片段
[579/873] 处理城市：叶县
  [爬取] 叶县 ...
    ✓ 生成 2 个知识片段
[580/873] 处理城市：汝州 (Ruzhou)
  [爬取] 汝州 ...
    英文回退：抓取英文页面 (Ruzhou)...
  [EN回退] Ruzhou ...
    ✓ 英文回退补充 115 个英文片段
    ✓ 生成 118 个知识片段
[581/873] 处理城市：郏县
  [爬取] 郏县 ...
    ✓ 生成 1 个知识片段
[582/873] 处理城市：中牟 (Zhongmu County)
  [爬取] 中牟 ...
    英文补充：抓取英文页面 (Zhongmu County)...
  [EN回退] Zhongmu County ...
    ✓ 英文补充补充 68 个英文片段
    ✓ 生成 76 个知识片段
[583/873] 处理城市：嵩山 (Songshan National Park)
  [爬取] 嵩山 ...
    英文补充：抓取英文页面 (Songshan National Park)...
  [EN回退] Songshan National Park ...
    ✓ 英文补充补充 56 个英文片段
    ✓ 生成 61 个知识片段
[584/873] 处理城市：巩义 (Gongyi)
  [爬取] 巩义 ...
    英文回退：抓取英文页面 (Gongyi)...
  [EN回退] Gongyi ...
    ✓ 英文回退补充 6 个英文片段
    ✓ 生成 8 个知识片段
[585/873] 处理城市：新郑
  [爬取] 新郑 ...
    ✓ 生成 2 个知识片段
[586/873] 处理城市：登封 (Dengfeng)
  [爬取] 登封 ...
    英文补充：抓取英文页面 (Dengfeng)...
  [EN回退] Dengfeng ...
    ✓ 英文补充补充 56 个英文片段
    ✓ 生成 61 个知识片段
[587/873] 处理城市：安阳 (Anyang)
  [爬取] 安阳 ...
    英文补充：抓取英文页面 (Anyang)...
  [EN回退] Anyang ...
    ✓ 英文补充补充 48 个英文片段
    ✓ 生成 63 个知识片段
[588/873] 处理城市：新乡 (Xinxiang)
  [爬取] 新乡 ...
    英文补充：抓取英文页面 (Xinxiang)...
  [EN回退] Xinxiang ...
    ✓ 英文补充补充 56 个英文片段
    ✓ 生成 61 个知识片段
[589/873] 处理城市：济源 (Jiyuan)
  [爬取] 济源 ...
    英文回退：抓取英文页面 (Jiyuan)...
  [EN回退] Jiyuan ...
    ✓ 英文回退补充 11 个英文片段
    ✓ 生成 13 个知识片段
[590/873] 处理城市：濮阳
  [爬取] 濮阳 ...
    ✓ 生成 11 个知识片段
[591/873] 处理城市：焦作 (Jiaozuo)
  [爬取] 焦作 ...
    英文回退：抓取英文页面 (Jiaozuo)...
  [EN回退] Jiaozuo ...
    ✓ 英文回退补充 43 个英文片段
    ✓ 生成 46 个知识片段
[592/873] 处理城市：鹤壁 (Hebi)
  [爬取] 鹤壁 ...
    英文回退：抓取英文页面 (Hebi)...
  [EN回退] Hebi ...
    ✓ 英文回退补充 13 个英文片段
    ✓ 生成 14 个知识片段
[593/873] 处理城市：内黄
  [爬取] 内黄 ...
    ✓ 生成 3 个知识片段
[594/873] 处理城市：滑县
  [爬取] 滑县 ...
    ✓ 生成 1 个知识片段
[595/873] 处理城市：卫辉
  [爬取] 卫辉 ...
    ✓ 生成 3 个知识片段
[596/873] 处理城市：封丘
  [爬取] 封丘 ...
    ✓ 生成 1 个知识片段
[597/873] 处理城市：辉县
  [爬取] 辉县 ...
    ✓ 生成 2 个知识片段
[598/873] 处理城市：长垣
  [爬取] 长垣 ...
    ✓ 生成 1 个知识片段
[599/873] 处理城市：范县
  [爬取] 范县 ...
    ✓ 生成 2 个知识片段
[600/873] 处理城市：修武
  [爬取] 修武 ...
    ✓ 生成 3 个知识片段
[601/873] 处理城市：博爱
  [爬取] 博爱 ...
    ✓ 生成 2 个知识片段
[602/873] 处理城市：孟州
  [爬取] 孟州 ...
    ✓ 生成 2 个知识片段
[603/873] 处理城市：沁阳
  [爬取] 沁阳 ...
    ✓ 生成 3 个知识片段
[604/873] 处理城市：浚县
  [爬取] 浚县 ...
    ✓ 生成 7 个知识片段
[605/873] 处理城市：淇县
  [爬取] 淇县 ...
    ✓ 生成 1 个知识片段
[606/873] 处理城市：信阳 (Xinyang)
  [爬取] 信阳 ...
    英文回退：抓取英文页面 (Xinyang)...
  [EN回退] Xinyang ...
    ✓ 英文回退补充 18 个英文片段
    ✓ 生成 22 个知识片段
[607/873] 处理城市：南阳 (Nanyang)
  [爬取] 南阳 ...
    英文补充：抓取英文页面 (Nanyang)...
  [EN回退] Nanyang ...
    ✓ 英文补充补充 25 个英文片段
    ✓ 生成 30 个知识片段
[608/873] 处理城市：驻马店
  [爬取] 驻马店 ...
    ✓ 生成 2 个知识片段
[609/873] 处理城市：光山
  [爬取] 光山 ...
    ✓ 生成 2 个知识片段
[610/873] 处理城市：新县
  [爬取] 新县 ...
[611/873] 处理城市：罗山
  [爬取] 罗山 ...
    ✓ 生成 1 个知识片段
[612/873] 处理城市：鸡公山
  [爬取] 鸡公山 ...
    ✓ 生成 1 个知识片段
[613/873] 处理城市：内乡
  [爬取] 内乡 ...
    ✓ 生成 2 个知识片段
[614/873] 处理城市：南召
  [爬取] 南召 ...
    ✓ 生成 2 个知识片段
[615/873] 处理城市：方城
  [爬取] 方城 ...
    ✓ 生成 1 个知识片段
[616/873] 处理城市：西峡
  [爬取] 西峡 ...
    ✓ 生成 2 个知识片段
[617/873] 处理城市：上蔡
  [爬取] 上蔡 ...
    ✓ 生成 3 个知识片段
[618/873] 处理城市：新蔡
  [爬取] 新蔡 ...
    ✓ 生成 1 个知识片段
[619/873] 处理城市：确山
  [爬取] 确山 ...
    ✓ 生成 1 个知识片段
[620/873] 处理城市：西平
  [爬取] 西平 ...
    ✓ 生成 1 个知识片段
[621/873] 处理城市：遂平
  [爬取] 遂平 ...
    ✓ 生成 1 个知识片段
[622/873] 处理城市：三门峡 (Sanmenxia)
  [爬取] 三门峡 ...
    英文回退：抓取英文页面 (Sanmenxia)...
  [EN回退] Sanmenxia ...
    ✓ 英文回退补充 41 个英文片段
    ✓ 生成 43 个知识片段
[623/873] 处理城市：洛阳 (Luoyang)
  [爬取] 洛阳 ...
    英文补充：抓取英文页面 (Luoyang)...
  [EN回退] Luoyang ...
    ✓ 英文补充补充 65 个英文片段
    ✓ 生成 76 个知识片段
[624/873] 处理城市：伊川
  [爬取] 伊川 ...
    ✓ 生成 4 个知识片段
[625/873] 处理城市：孟津区
  [爬取] 孟津区 ...
[626/873] 处理城市：嵩县
  [爬取] 嵩县 ...
    ✓ 生成 1 个知识片段
[627/873] 处理城市：新安
  [爬取] 新安 ...
    ✓ 生成 5 个知识片段
[628/873] 处理城市：汝阳
  [爬取] 汝阳 ...
    ✓ 生成 6 个知识片段
[629/873] 处理城市：吉林 (Jilin)
  [爬取] 吉林 ...
    英文回退：抓取英文页面 (Jilin)...
  [EN回退] Jilin ...
    ✓ 英文回退补充 15 个英文片段
    ✓ 生成 15 个知识片段
[630/873] 处理城市：大兴安岭
  [爬取] 大兴安岭 ...
    ✓ 生成 1 个知识片段
[631/873] 处理城市：辽宁 (Liaoning)
  [爬取] 辽宁 ...
    英文补充：抓取英文页面 (Liaoning)...
  [EN回退] Liaoning ...
    ✓ 英文补充补充 12 个英文片段
    ✓ 生成 22 个知识片段
[632/873] 处理城市：黑龙江 (Heilongjiang)
  [爬取] 黑龙江 ...
    英文补充：抓取英文页面 (Heilongjiang)...
  [EN回退] Heilongjiang ...
    ✓ 英文补充补充 8 个英文片段
    ✓ 生成 13 个知识片段
[633/873] 处理城市：吉林市 (Jilin (city))
  [爬取] 吉林市 ...
    英文补充：抓取英文页面 (Jilin (city))...
  [EN回退] Jilin (city) ...
    ✓ 英文补充补充 65 个英文片段
    ✓ 生成 90 个知识片段
[634/873] 处理城市：四平 (Siping)
  [爬取] 四平 ...
    英文回退：抓取英文页面 (Siping)...
  [EN回退] Siping ...
    ✓ 英文回退补充 10 个英文片段
    ✓ 生成 11 个知识片段
[635/873] 处理城市：延边 (Yanbian)
  [爬取] 延边 ...
    英文回退：抓取英文页面 (Yanbian)...
  [EN回退] Yanbian ...
    ✓ 英文回退补充 15 个英文片段
    ✓ 生成 17 个知识片段
[636/873] 处理城市：松原 (Songyuan)
  [爬取] 松原 ...
    英文补充：抓取英文页面 (Songyuan)...
  [EN回退] Songyuan ...
    ✓ 英文补充补充 5 个英文片段
    ✓ 生成 10 个知识片段
[637/873] 处理城市：白城 (Baicheng)
  [爬取] 白城 ...
    英文补充：抓取英文页面 (Baicheng)...
  [EN回退] Baicheng ...
    ✓ 英文补充补充 33 个英文片段
    ✓ 生成 38 个知识片段
[638/873] 处理城市：白山 (Baishan)
  [爬取] 白山 ...
    英文回退：抓取英文页面 (Baishan)...
  [EN回退] Baishan ...
    ✓ 英文回退补充 23 个英文片段
    ✓ 生成 26 个知识片段
[639/873] 处理城市：辽源 (Liaoyuan)
  [爬取] 辽源 ...
    英文回退：抓取英文页面 (Liaoyuan)...
  [EN回退] Liaoyuan ...
    ✓ 英文回退补充 11 个英文片段
    ✓ 生成 13 个知识片段
[640/873] 处理城市：通化 (Tonghua)
  [爬取] 通化 ...
    英文回退：抓取英文页面 (Tonghua)...
  [EN回退] Tonghua ...
    ✓ 英文回退补充 12 个英文片段
    ✓ 生成 15 个知识片段
[641/873] 处理城市：长春 (Changchun)
  [爬取] 长春 ...
    英文补充：抓取英文页面 (Changchun)...
  [EN回退] Changchun ...
    ✓ 英文补充补充 80 个英文片段
    ✓ 生成 105 个知识片段
[642/873] 处理城市：长白山自然保护区 (Changbaishan National Nature Reserve)
  [爬取] 长白山自然保护区 ...
    英文补充：抓取英文页面 (Changbaishan National Nature Reserve)...
  [EN回退] Changbaishan National Nature Reserve ...
    ✓ 英文补充补充 14 个英文片段
    ✓ 生成 23 个知识片段
[643/873] 处理城市：和龙
  [爬取] 和龙 ...
    ✓ 生成 1 个知识片段
[644/873] 处理城市：延吉 (Yanji)
  [爬取] 延吉 ...
    英文补充：抓取英文页面 (Yanji)...
  [EN回退] Yanji ...
    ✓ 英文补充补充 27 个英文片段
    ✓ 生成 42 个知识片段
[645/873] 处理城市：珲春 (Hunchun)
  [爬取] 珲春 ...
    英文补充：抓取英文页面 (Hunchun)...
  [EN回退] Hunchun ...
    ✓ 英文补充补充 19 个英文片段
    ✓ 生成 31 个知识片段
[646/873] 处理城市：龙井市
  [爬取] 龙井市 ...
    ✓ 生成 1 个知识片段
[647/873] 处理城市：集安 (Ji'an)
  [爬取] 集安 ...
    英文回退：抓取英文页面 (Ji'an)...
  [EN回退] Ji'an ...
    ✓ 英文回退补充 33 个英文片段
    ✓ 生成 35 个知识片段
[648/873] 处理城市：辽东
  [爬取] 辽东 ...
[649/873] 处理城市：辽中 (Central Plains (Liaoning))
  [爬取] 辽中 ...
    英文回退：抓取英文页面 (Central Plains (Liaoning))...
  [EN回退] Central Plains (Liaoning) ...
    ✓ 英文回退补充 1 个英文片段
    ✓ 生成 1 个知识片段
[650/873] 处理城市：辽西 (Western Highlands (Liaoning))
  [爬取] 辽西 ...
    英文回退：抓取英文页面 (Western Highlands (Liaoning))...
  [EN回退] Western Highlands (Liaoning) ...
    ✓ 英文回退补充 1 个英文片段
    ✓ 生成 1 个知识片段
[651/873] 处理城市：丹东 (Dandong)
  [爬取] 丹东 ...
    英文补充：抓取英文页面 (Dandong)...
  [EN回退] Dandong ...
    ✓ 英文补充补充 39 个英文片段
    ✓ 生成 45 个知识片段
[652/873] 处理城市：大连 (Dalian)
  [爬取] 大连 ...
    [重试 1/3] Request failed with status code 502，等待 3s...
    英文补充：抓取英文页面 (Dalian)...
  [EN回退] Dalian ...
    ✓ 英文补充补充 41 个英文片段
    ✓ 生成 64 个知识片段
[653/873] 处理城市：抚顺 (Fushun)
  [爬取] 抚顺 ...
    英文回退：抓取英文页面 (Fushun)...
  [EN回退] Fushun ...
    ✓ 英文回退补充 45 个英文片段
    ✓ 生成 46 个知识片段
[654/873] 处理城市：本溪 (Benxi)
  [爬取] 本溪 ...
    英文回退：抓取英文页面 (Benxi)...
  [EN回退] Benxi ...
    ✓ 英文回退补充 17 个英文片段
    ✓ 生成 21 个知识片段
[655/873] 处理城市：新宾
  [爬取] 新宾 ...
    ✓ 生成 1 个知识片段
[656/873] 处理城市：沈阳 (Shenyang)
  [爬取] 沈阳 ...
    英文补充：抓取英文页面 (Shenyang)...
  [EN回退] Shenyang ...
    ✓ 英文补充补充 93 个英文片段
    ✓ 生成 108 个知识片段
[657/873] 处理城市：盘锦 (Panjin)
  [爬取] 盘锦 ...
    英文回退：抓取英文页面 (Panjin)...
  [EN回退] Panjin ...
    ✓ 英文回退补充 20 个英文片段
    ✓ 生成 23 个知识片段
[658/873] 处理城市：营口 (Yingkou)
  [爬取] 营口 ...
    英文补充：抓取英文页面 (Yingkou)...
  [EN回退] Yingkou ...
    ✓ 英文补充补充 10 个英文片段
    ✓ 生成 15 个知识片段
[659/873] 处理城市：辽阳 (Liaoyang)
  [爬取] 辽阳 ...
    英文补充：抓取英文页面 (Liaoyang)...
  [EN回退] Liaoyang ...
    ✓ 英文补充补充 40 个英文片段
    ✓ 生成 46 个知识片段
[660/873] 处理城市：铁岭 (Tieling)
  [爬取] 铁岭 ...
    英文回退：抓取英文页面 (Tieling)...
  [EN回退] Tieling ...
    ✓ 英文回退补充 9 个英文片段
    ✓ 生成 11 个知识片段
[661/873] 处理城市：鞍山 (Anshan)
  [爬取] 鞍山 ...
    英文回退：抓取英文页面 (Anshan)...
  [EN回退] Anshan ...
    ✓ 英文回退补充 71 个英文片段
    ✓ 生成 75 个知识片段
[662/873] 处理城市：朝阳 (Chaoyang)
  [爬取] 朝阳 ...
    英文回退：抓取英文页面 (Chaoyang)...
  [EN回退] Chaoyang ...
    ✓ 英文回退补充 5 个英文片段
    ✓ 生成 9 个知识片段
[663/873] 处理城市：葫芦岛 (Huludao)
  [爬取] 葫芦岛 ...
    英文回退：抓取英文页面 (Huludao)...
  [EN回退] Huludao ...
    ✓ 英文回退补充 5 个英文片段
    ✓ 生成 6 个知识片段
[664/873] 处理城市：锦州 (Jinzhou)
  [爬取] 锦州 ...
    英文补充：抓取英文页面 (Jinzhou)...
  [EN回退] Jinzhou ...
    ✓ 英文补充补充 36 个英文片段
    ✓ 生成 41 个知识片段
[665/873] 处理城市：七台河
  [爬取] 七台河 ...
    ✓ 生成 8 个知识片段
[666/873] 处理城市：伊春 (Yichun (Heilongjiang))
  [爬取] 伊春 ...
    英文补充：抓取英文页面 (Yichun (Heilongjiang))...
  [EN回退] Yichun (Heilongjiang) ...
    ✓ 英文补充补充 23 个英文片段
    ✓ 生成 39 个知识片段
[667/873] 处理城市：佳木斯 (Jiamusi)
  [爬取] 佳木斯 ...
    英文补充：抓取英文页面 (Jiamusi)...
  [EN回退] Jiamusi ...
    ✓ 英文补充补充 41 个英文片段
    ✓ 生成 49 个知识片段
[668/873] 处理城市：双鸭山
  [爬取] 双鸭山 ...
    ✓ 生成 7 个知识片段
[669/873] 处理城市：哈尔滨 (Harbin)
  [爬取] 哈尔滨 ...
    英文补充：抓取英文页面 (Harbin)...
  [EN回退] Harbin ...
    ✓ 英文补充补充 152 个英文片段
    ✓ 生成 224 个知识片段
[670/873] 处理城市：大庆 (Daqing)
  [爬取] 大庆 ...
    英文补充：抓取英文页面 (Daqing)...
  [EN回退] Daqing ...
    ✓ 英文补充补充 18 个英文片段
    ✓ 生成 28 个知识片段
[671/873] 处理城市：扎龙国家级自然保护区 (Zhalong National Nature Reserve)
  [爬取] 扎龙国家级自然保护区 ...
    英文回退：抓取英文页面 (Zhalong National Nature Reserve)...
  [EN回退] Zhalong National Nature Reserve ...
    ✓ 英文回退补充 5 个英文片段
    ✓ 生成 8 个知识片段
[672/873] 处理城市：松花江专区
  [爬取] 松花江专区 ...
    ✓ 生成 1 个知识片段
[673/873] 处理城市：牡丹江 (Mudanjiang)
  [爬取] 牡丹江 ...
    [重试 1/3] Request failed with status code 502，等待 3s...
    英文补充：抓取英文页面 (Mudanjiang)...
  [EN回退] Mudanjiang ...
    ✓ 英文补充补充 19 个英文片段
    ✓ 生成 28 个知识片段
[674/873] 处理城市：绥化市
  [爬取] 绥化市 ...
    ✓ 生成 5 个知识片段
[675/873] 处理城市：鸡西 (Jixi)
  [爬取] 鸡西 ...
    英文补充：抓取英文页面 (Jixi)...
  [EN回退] Jixi ...
    ✓ 英文补充补充 7 个英文片段
    ✓ 生成 13 个知识片段
[676/873] 处理城市：鹤岗
  [爬取] 鹤岗 ...
    ✓ 生成 7 个知识片段
[677/873] 处理城市：黑河市 (Heihe)
  [爬取] 黑河市 ...
    英文补充：抓取英文页面 (Heihe)...
  [EN回退] Heihe ...
    ✓ 英文补充补充 24 个英文片段
    ✓ 生成 34 个知识片段
[678/873] 处理城市：齐齐哈尔 (Qiqihar)
  [爬取] 齐齐哈尔 ...
    英文补充：抓取英文页面 (Qiqihar)...
  [EN回退] Qiqihar ...
    ✓ 英文补充补充 23 个英文片段
    ✓ 生成 35 个知识片段
[679/873] 处理城市：嘉荫
  [爬取] 嘉荫 ...
    ✓ 生成 5 个知识片段
[680/873] 处理城市：铁力
  [爬取] 铁力 ...
    ✓ 生成 3 个知识片段
[681/873] 处理城市：友谊
  [爬取] 友谊 ...
    ✓ 生成 4 个知识片段
[682/873] 处理城市：宝清
  [爬取] 宝清 ...
    ✓ 生成 3 个知识片段
[683/873] 处理城市：集贤
  [爬取] 集贤 ...
    ✓ 生成 5 个知识片段
[684/873] 处理城市：五常
  [爬取] 五常 ...
    ✓ 生成 4 个知识片段
[685/873] 处理城市：依兰
  [爬取] 依兰 ...
    ✓ 生成 5 个知识片段
[686/873] 处理城市：利民开发区
  [爬取] 利民开发区 ...
    ✓ 生成 1 个知识片段
[687/873] 处理城市：双城
  [爬取] 双城 ...
    ✓ 生成 9 个知识片段
[688/873] 处理城市：呼兰
  [爬取] 呼兰 ...
    ✓ 生成 10 个知识片段
[689/873] 处理城市：宾县
  [爬取] 宾县 ...
    ✓ 生成 13 个知识片段
[690/873] 处理城市：尚志
  [爬取] 尚志 ...
    ✓ 生成 5 个知识片段
[691/873] 处理城市：巴彦
  [爬取] 巴彦 ...
    ✓ 生成 5 个知识片段
[692/873] 处理城市：延寿
  [爬取] 延寿 ...
    ✓ 生成 6 个知识片段
[693/873] 处理城市：方正
  [爬取] 方正 ...
    ✓ 生成 7 个知识片段
[694/873] 处理城市：木兰
  [爬取] 木兰 ...
    ✓ 生成 5 个知识片段
[695/873] 处理城市：通河
  [爬取] 通河 ...
    ✓ 生成 5 个知识片段
[696/873] 处理城市：阿城 (Acheng)
  [爬取] 阿城 ...
    英文补充：抓取英文页面 (Acheng)...
  [EN回退] Acheng ...
    ✓ 英文补充补充 149 个英文片段
    ✓ 生成 157 个知识片段
[697/873] 处理城市：加格达奇
  [爬取] 加格达奇 ...
    ✓ 生成 9 个知识片段
[698/873] 处理城市：呼中
  [爬取] 呼中 ...
    ✓ 生成 2 个知识片段
[699/873] 处理城市：呼玛
  [爬取] 呼玛 ...
    ✓ 生成 4 个知识片段
[700/873] 处理城市：塔河
  [爬取] 塔河 ...
    ✓ 生成 6 个知识片段
[701/873] 处理城市：新林
  [爬取] 新林 ...
    ✓ 生成 3 个知识片段
[702/873] 处理城市：松岭
  [爬取] 松岭 ...
    ✓ 生成 3 个知识片段
[703/873] 处理城市：漠河 (Mohe)
  [爬取] 漠河 ...
    英文补充：抓取英文页面 (Mohe)...
  [EN回退] Mohe ...
    ✓ 英文补充补充 47 个英文片段
    ✓ 生成 52 个知识片段
[704/873] 处理城市：杜尔伯特
  [爬取] 杜尔伯特 ...
    ✓ 生成 4 个知识片段
[705/873] 处理城市：林甸
  [爬取] 林甸 ...
    ✓ 生成 2 个知识片段
[706/873] 处理城市：肇州
  [爬取] 肇州 ...
    ✓ 生成 2 个知识片段
[707/873] 处理城市：肇源
  [爬取] 肇源 ...
    ✓ 生成 6 个知识片段
[708/873] 处理城市：东宁
  [爬取] 东宁 ...
    ✓ 生成 8 个知识片段
[709/873] 处理城市：宁安
  [爬取] 宁安 ...
    ✓ 生成 6 个知识片段
[710/873] 处理城市：林口县
  [爬取] 林口县 ...
    ✓ 生成 5 个知识片段
[711/873] 处理城市：海林
  [爬取] 海林 ...
    ✓ 生成 5 个知识片段
[712/873] 处理城市：穆棱
  [爬取] 穆棱 ...
    ✓ 生成 7 个知识片段
[713/873] 处理城市：绥芬河 (Suifenhe)
  [爬取] 绥芬河 ...
    英文补充：抓取英文页面 (Suifenhe)...
  [EN回退] Suifenhe ...
    ✓ 英文补充补充 11 个英文片段
    ✓ 生成 24 个知识片段
[714/873] 处理城市：兰西
  [爬取] 兰西 ...
    ✓ 生成 6 个知识片段
[715/873] 处理城市：安达
  [爬取] 安达 ...
    ✓ 生成 3 个知识片段
[716/873] 处理城市：庆安
  [爬取] 庆安 ...
    ✓ 生成 2 个知识片段
[717/873] 处理城市：明水
  [爬取] 明水 ...
    ✓ 生成 2 个知识片段
[718/873] 处理城市：望奎
  [爬取] 望奎 ...
    ✓ 生成 3 个知识片段
[719/873] 处理城市：海伦
  [爬取] 海伦 ...
    ✓ 生成 2 个知识片段
[720/873] 处理城市：绥化
  [爬取] 绥化 ...
    ✓ 生成 5 个知识片段
[721/873] 处理城市：绥棱
  [爬取] 绥棱 ...
    ✓ 生成 2 个知识片段
[722/873] 处理城市：肇东
  [爬取] 肇东 ...
    ✓ 生成 5 个知识片段
[723/873] 处理城市：青冈
  [爬取] 青冈 ...
    ✓ 生成 2 个知识片段
[724/873] 处理城市：密山
  [爬取] 密山 ...
    ✓ 生成 2 个知识片段
[725/873] 处理城市：虎林
  [爬取] 虎林 ...
    ✓ 生成 2 个知识片段
[726/873] 处理城市：鸡东
  [爬取] 鸡东 ...
    ✓ 生成 2 个知识片段
[727/873] 处理城市：五大连池 (Wudalianchi National Forest Park)
  [爬取] 五大连池 ...
    英文回退：抓取英文页面 (Wudalianchi National Forest Park)...
  [EN回退] Wudalianchi National Forest Park ...
    ✓ 英文回退补充 9 个英文片段
    ✓ 生成 13 个知识片段
[728/873] 处理城市：北安
  [爬取] 北安 ...
    ✓ 生成 5 个知识片段
[729/873] 处理城市：嫩江
  [爬取] 嫩江 ...
    ✓ 生成 4 个知识片段
[730/873] 处理城市：孙吴
  [爬取] 孙吴 ...
    ✓ 生成 4 个知识片段
[731/873] 处理城市：爱辉区
  [爬取] 爱辉区 ...
    ✓ 生成 13 个知识片段
[732/873] 处理城市：逊克
  [爬取] 逊克 ...
    ✓ 生成 2 个知识片段
[733/873] 处理城市：依安
  [爬取] 依安 ...
    ✓ 生成 1 个知识片段
[734/873] 处理城市：克东
  [爬取] 克东 ...
    ✓ 生成 2 个知识片段
[735/873] 处理城市：克山
  [爬取] 克山 ...
    ✓ 生成 2 个知识片段
[736/873] 处理城市：双河农场
  [爬取] 双河农场 ...
    ✓ 生成 1 个知识片段
[737/873] 处理城市：富裕
  [爬取] 富裕 ...
    ✓ 生成 2 个知识片段
[738/873] 处理城市：拜泉
  [爬取] 拜泉 ...
    ✓ 生成 3 个知识片段
[739/873] 处理城市：泰来
  [爬取] 泰来 ...
    ✓ 生成 4 个知识片段
[740/873] 处理城市：甘南 (黑龙江)
  [爬取] 甘南 (黑龙江) ...
    ✓ 生成 2 个知识片段
[741/873] 处理城市：讷河
  [爬取] 讷河 ...
    ✓ 生成 3 个知识片段
[742/873] 处理城市：龙江
  [爬取] 龙江 ...
    ✓ 生成 4 个知识片段
[743/873] 处理城市：广东 (Guangdong)
  [爬取] 广东 ...
    英文补充：抓取英文页面 (Guangdong)...
  [EN回退] Guangdong ...
    ✓ 英文补充补充 10 个英文片段
    ✓ 生成 18 个知识片段
[744/873] 处理城市：海南 (Hainan)
  [爬取] 海南 ...
    英文补充：抓取英文页面 (Hainan)...
  [EN回退] Hainan ...
    ✓ 英文补充补充 14 个英文片段
    ✓ 生成 19 个知识片段
[745/873] 处理城市：福建 (Fujian)
  [爬取] 福建 ...
    英文补充：抓取英文页面 (Fujian)...
  [EN回退] Fujian ...
    ✓ 英文补充补充 13 个英文片段
    ✓ 生成 25 个知识片段
[746/873] 处理城市：珠三角 (Pearl River Delta)
  [爬取] 珠三角 ...
    英文回退：抓取英文页面 (Pearl River Delta)...
  [EN回退] Pearl River Delta ...
    ✓ 英文回退补充 11 个英文片段
    ✓ 生成 12 个知识片段
[747/873] 处理城市：粤东
  [爬取] 粤东 ...
[748/873] 处理城市：粤北 (Northern Guangdong)
  [爬取] 粤北 ...
    英文回退：抓取英文页面 (Northern Guangdong)...
  [EN回退] Northern Guangdong ...
    ✓ 英文回退补充 4 个英文片段
    ✓ 生成 4 个知识片段
[749/873] 处理城市：粤西 (Western Guangdong)
  [爬取] 粤西 ...
    英文回退：抓取英文页面 (Western Guangdong)...
  [EN回退] Western Guangdong ...
    ✓ 英文回退补充 2 个英文片段
    ✓ 生成 2 个知识片段
[750/873] 处理城市：东莞 (Dongguan)
  [爬取] 东莞 ...
    英文补充：抓取英文页面 (Dongguan)...
  [EN回退] Dongguan ...
    ✓ 英文补充补充 81 个英文片段
    ✓ 生成 103 个知识片段
[751/873] 处理城市：中山 (Zhongshan)
  [爬取] 中山 ...
    英文补充：抓取英文页面 (Zhongshan)...
  [EN回退] Zhongshan ...
    ✓ 英文补充补充 59 个英文片段
    ✓ 生成 66 个知识片段
[752/873] 处理城市：佛山 (Foshan)
  [爬取] 佛山 ...
    英文补充：抓取英文页面 (Foshan)...
  [EN回退] Foshan ...
    ✓ 英文补充补充 57 个英文片段
    ✓ 生成 62 个知识片段
[753/873] 处理城市：广州 (Guangzhou)
  [爬取] 广州 ...
    英文补充：抓取英文页面 (Guangzhou)...
  [EN回退] Guangzhou ...
    ✓ 英文补充补充 93 个英文片段
    ✓ 生成 153 个知识片段
[754/873] 处理城市：惠州 (Huizhou (Guangdong))
  [爬取] 惠州 ...
    英文回退：抓取英文页面 (Huizhou (Guangdong))...
  [EN回退] Huizhou (Guangdong) ...
    ✓ 英文回退补充 25 个英文片段
    ✓ 生成 26 个知识片段
[755/873] 处理城市：江门 (Jiangmen)
  [爬取] 江门 ...
    英文补充：抓取英文页面 (Jiangmen)...
  [EN回退] Jiangmen ...
    ✓ 英文补充补充 20 个英文片段
    ✓ 生成 35 个知识片段
[756/873] 处理城市：深圳 (Shenzhen)
  [爬取] 深圳 ...
    英文补充：抓取英文页面 (Shenzhen)...
  [EN回退] Shenzhen ...
    ✓ 英文补充补充 65 个英文片段
    ✓ 生成 86 个知识片段
[757/873] 处理城市：珠海 (Zhuhai)
  [爬取] 珠海 ...
    英文补充：抓取英文页面 (Zhuhai)...
  [EN回退] Zhuhai ...
    ✓ 英文补充补充 143 个英文片段
    ✓ 生成 160 个知识片段
[758/873] 处理城市：五邑
  [爬取] 五邑 ...
    ✓ 生成 1 个知识片段
[759/873] 处理城市：开平 (Kaiping)
  [爬取] 开平 ...
    英文补充：抓取英文页面 (Kaiping)...
  [EN回退] Kaiping ...
    ✓ 英文补充补充 31 个英文片段
    ✓ 生成 36 个知识片段
[760/873] 处理城市：揭阳 (Jieyang)
  [爬取] 揭阳 ...
    英文补充：抓取英文页面 (Jieyang)...
  [EN回退] Jieyang ...
    ✓ 英文补充补充 35 个英文片段
    ✓ 生成 42 个知识片段
[761/873] 处理城市：汕头 (Shantou)
  [爬取] 汕头 ...
    英文补充：抓取英文页面 (Shantou)...
  [EN回退] Shantou ...
    ✓ 英文补充补充 37 个英文片段
    ✓ 生成 45 个知识片段
[762/873] 处理城市：汕尾
  [爬取] 汕尾 ...
[763/873] 处理城市：潮州 (Chaozhou)
  [爬取] 潮州 ...
    英文补充：抓取英文页面 (Chaozhou)...
  [EN回退] Chaozhou ...
    ✓ 英文补充补充 31 个英文片段
    ✓ 生成 40 个知识片段
[764/873] 处理城市：云浮 (Yunfu)
  [爬取] 云浮 ...
    英文回退：抓取英文页面 (Yunfu)...
  [EN回退] Yunfu ...
    ✓ 英文回退补充 20 个英文片段
    ✓ 生成 24 个知识片段
[765/873] 处理城市：梅州 (Meizhou)
  [爬取] 梅州 ...
    英文回退：抓取英文页面 (Meizhou)...
  [EN回退] Meizhou ...
    ✓ 英文回退补充 22 个英文片段
    ✓ 生成 25 个知识片段
[766/873] 处理城市：河源 (Heyuan)
  [爬取] 河源 ...
    英文回退：抓取英文页面 (Heyuan)...
  [EN回退] Heyuan ...
    ✓ 英文回退补充 24 个英文片段
    ✓ 生成 25 个知识片段
[767/873] 处理城市：清远 (Qingyuan)
  [爬取] 清远 ...
    英文回退：抓取英文页面 (Qingyuan)...
  [EN回退] Qingyuan ...
    ✓ 英文回退补充 43 个英文片段
    ✓ 生成 44 个知识片段
[768/873] 处理城市：肇庆 (Zhaoqing)
  [爬取] 肇庆 ...
    英文补充：抓取英文页面 (Zhaoqing)...
  [EN回退] Zhaoqing ...
    ✓ 英文补充补充 27 个英文片段
    ✓ 生成 34 个知识片段
[769/873] 处理城市：韶关 (Shaoguan)
  [爬取] 韶关 ...
    英文回退：抓取英文页面 (Shaoguan)...
  [EN回退] Shaoguan ...
    ✓ 英文回退补充 22 个英文片段
    ✓ 生成 24 个知识片段
[770/873] 处理城市：和平县
  [爬取] 和平县 ...
    ✓ 生成 3 个知识片段
[771/873] 处理城市：龙川
  [爬取] 龙川 ...
    ✓ 生成 3 个知识片段
[772/873] 处理城市：连南 (Liannan)
  [爬取] 连南 ...
    英文回退：抓取英文页面 (Liannan)...
  [EN回退] Liannan ...
    ✓ 英文回退补充 7 个英文片段
    ✓ 生成 11 个知识片段
[773/873] 处理城市：四会
  [爬取] 四会 ...
    ✓ 生成 5 个知识片段
[774/873] 处理城市：德庆
  [爬取] 德庆 ...
    ✓ 生成 5 个知识片段
[775/873] 处理城市：仁化
  [爬取] 仁化 ...
    ✓ 生成 8 个知识片段
[776/873] 处理城市：南雄
  [爬取] 南雄 ...
    ✓ 生成 7 个知识片段
[777/873] 处理城市：始兴
  [爬取] 始兴 ...
    ✓ 生成 4 个知识片段
[778/873] 处理城市：新丰
  [爬取] 新丰 ...
    ✓ 生成 4 个知识片段
[779/873] 处理城市：湛江 (Zhanjiang)
  [爬取] 湛江 ...
    英文补充：抓取英文页面 (Zhanjiang)...
  [EN回退] Zhanjiang ...
    ✓ 英文补充补充 57 个英文片段
    ✓ 生成 62 个知识片段
[780/873] 处理城市：茂名 (Maoming)
  [爬取] 茂名 ...
    英文回退：抓取英文页面 (Maoming)...
  [EN回退] Maoming ...
    ✓ 英文回退补充 14 个英文片段
    ✓ 生成 15 个知识片段
[781/873] 处理城市：阳江 (Yangjiang)
  [爬取] 阳江 ...
    英文回退：抓取英文页面 (Yangjiang)...
  [EN回退] Yangjiang ...
    ✓ 英文回退补充 52 个英文片段
    ✓ 生成 52 个知识片段
[782/873] 处理城市：雷州
  [爬取] 雷州 ...
    ✓ 生成 6 个知识片段
[783/873] 处理城市：万宁 (Wanning)
  [爬取] 万宁 ...
    英文补充：抓取英文页面 (Wanning)...
  [EN回退] Wanning ...
    ✓ 英文补充补充 61 个英文片段
    ✓ 生成 69 个知识片段
[784/873] 处理城市：三亚 (Sanya)
  [爬取] 三亚 ...
    英文补充：抓取英文页面 (Sanya)...
  [EN回退] Sanya ...
    ✓ 英文补充补充 102 个英文片段
    ✓ 生成 149 个知识片段
[785/873] 处理城市：三沙
  [爬取] 三沙 ...
    ✓ 生成 8 个知识片段
[786/873] 处理城市：东方 (Dongfang)
  [爬取] 东方 ...
    英文补充：抓取英文页面 (Dongfang)...
  [EN回退] Dongfang ...
    ✓ 英文补充补充 24 个英文片段
    ✓ 生成 35 个知识片段
[787/873] 处理城市：临高 (Lingao)
  [爬取] 临高 ...
    英文补充：抓取英文页面 (Lingao)...
  [EN回退] Lingao ...
    ✓ 英文补充补充 18 个英文片段
    ✓ 生成 24 个知识片段
[788/873] 处理城市：乐东
  [爬取] 乐东 ...
    ✓ 生成 7 个知识片段
[789/873] 处理城市：五指山 (Wuzhishan)
  [爬取] 五指山 ...
    英文补充：抓取英文页面 (Wuzhishan)...
  [EN回退] Wuzhishan ...
    ✓ 英文补充补充 25 个英文片段
    ✓ 生成 31 个知识片段
[790/873] 处理城市：保亭 (Baoting)
  [爬取] 保亭 ...
    英文补充：抓取英文页面 (Baoting)...
  [EN回退] Baoting ...
    ✓ 英文补充补充 9 个英文片段
    ✓ 生成 17 个知识片段
[791/873] 处理城市：儋州 (Danzhou)
  [爬取] 儋州 ...
    英文补充：抓取英文页面 (Danzhou)...
  [EN回退] Danzhou ...
    ✓ 英文补充补充 17 个英文片段
    ✓ 生成 30 个知识片段
[792/873] 处理城市：定安
  [爬取] 定安 ...
    ✓ 生成 5 个知识片段
[793/873] 处理城市：屯昌
  [爬取] 屯昌 ...
    ✓ 生成 5 个知识片段
[794/873] 处理城市：文昌 (Wenchang)
  [爬取] 文昌 ...
    英文补充：抓取英文页面 (Wenchang)...
  [EN回退] Wenchang ...
    ✓ 英文补充补充 27 个英文片段
    ✓ 生成 33 个知识片段
[795/873] 处理城市：昌江
  [爬取] 昌江 ...
    ✓ 生成 6 个知识片段
[796/873] 处理城市：海口 (Haikou)
  [爬取] 海口 ...
    英文补充：抓取英文页面 (Haikou)...
  [EN回退] Haikou ...
    ✓ 英文补充补充 98 个英文片段
    ✓ 生成 124 个知识片段
[797/873] 处理城市：澄迈 (Chengmai)
  [爬取] 澄迈 ...
    英文补充：抓取英文页面 (Chengmai)...
  [EN回退] Chengmai ...
    ✓ 英文补充补充 24 个英文片段
    ✓ 生成 32 个知识片段
[798/873] 处理城市：琼中
  [爬取] 琼中 ...
    ✓ 生成 5 个知识片段
[799/873] 处理城市：琼海 (Qionghai)
  [爬取] 琼海 ...
    英文补充：抓取英文页面 (Qionghai)...
  [EN回退] Qionghai ...
    ✓ 英文补充补充 19 个英文片段
    ✓ 生成 34 个知识片段
[800/873] 处理城市：白沙黎族自治县 (Baisha (Hainan))
  [爬取] 白沙黎族自治县 ...
    英文补充：抓取英文页面 (Baisha (Hainan))...
  [EN回退] Baisha (Hainan) ...
    ✓ 英文补充补充 17 个英文片段
    ✓ 生成 22 个知识片段
[801/873] 处理城市：陵水 (Lingshui)
  [爬取] 陵水 ...
    英文补充：抓取英文页面 (Lingshui)...
  [EN回退] Lingshui ...
    ✓ 英文补充补充 30 个英文片段
    ✓ 生成 38 个知识片段
[802/873] 处理城市：闽东北 (East Fujian)
  [爬取] 闽东北 ...
    英文回退：抓取英文页面 (East Fujian)...
  [EN回退] East Fujian ...
    ✓ 英文回退补充 4 个英文片段
    ✓ 生成 4 个知识片段
[803/873] 处理城市：闽东南 (South Fujian)
  [爬取] 闽东南 ...
    英文回退：抓取英文页面 (South Fujian)...
  [EN回退] South Fujian ...
    ✓ 英文回退补充 11 个英文片段
    ✓ 生成 12 个知识片段
[804/873] 处理城市：闽西 (Inland Fujian)
  [爬取] 闽西 ...
    英文回退：抓取英文页面 (Inland Fujian)...
  [EN回退] Inland Fujian ...
    ✓ 英文回退补充 3 个英文片段
    ✓ 生成 3 个知识片段
[805/873] 处理城市：宁德 (Ningde)
  [爬取] 宁德 ...
    英文补充：抓取英文页面 (Ningde)...
  [EN回退] Ningde ...
    ✓ 英文补充补充 38 个英文片段
    ✓ 生成 45 个知识片段
[806/873] 处理城市：福州 (Fuzhou)
  [爬取] 福州 ...
    [重试 1/3] Request failed with status code 502，等待 3s...
    英文补充：抓取英文页面 (Fuzhou)...
  [EN回退] Fuzhou ...
    ✓ 英文补充补充 93 个英文片段
    ✓ 生成 114 个知识片段
[807/873] 处理城市：古田
  [爬取] 古田 ...
    ✓ 生成 2 个知识片段
[808/873] 处理城市：周宁
  [爬取] 周宁 ...
    ✓ 生成 2 个知识片段
[809/873] 处理城市：太姥山
  [爬取] 太姥山 ...
    ✓ 生成 4 个知识片段
[810/873] 处理城市：寿宁
  [爬取] 寿宁 ...
    ✓ 生成 2 个知识片段
[811/873] 处理城市：屏南
  [爬取] 屏南 ...
    ✓ 生成 2 个知识片段
[812/873] 处理城市：柘荣
  [爬取] 柘荣 ...
    ✓ 生成 2 个知识片段
[813/873] 处理城市：福安 (Fu'an)
  [爬取] 福安 ...
    英文回退：抓取英文页面 (Fu'an)...
  [EN回退] Fu'an ...
    ✓ 英文回退补充 4 个英文片段
    ✓ 生成 7 个知识片段
[814/873] 处理城市：福鼎 (Fuding)
  [爬取] 福鼎 ...
    英文回退：抓取英文页面 (Fuding)...
  [EN回退] Fuding ...
    ✓ 英文回退补充 46 个英文片段
    ✓ 生成 48 个知识片段
[815/873] 处理城市：霞浦县 (Xiapu)
  [爬取] 霞浦县 ...
    英文补充：抓取英文页面 (Xiapu)...
  [EN回退] Xiapu ...
    ✓ 英文补充补充 38 个英文片段
    ✓ 生成 44 个知识片段
[816/873] 处理城市：平潭
  [爬取] 平潭 ...
    ✓ 生成 3 个知识片段
[817/873] 处理城市：永泰
  [爬取] 永泰 ...
    ✓ 生成 3 个知识片段
[818/873] 处理城市：福清 (Fuqing)
  [爬取] 福清 ...
    英文回退：抓取英文页面 (Fuqing)...
  [EN回退] Fuqing ...
    ✓ 英文回退补充 16 个英文片段
    ✓ 生成 19 个知识片段
[819/873] 处理城市：连江 (福州)
  [爬取] 连江 (福州) ...
    ✓ 生成 4 个知识片段
[820/873] 处理城市：长乐 (Changle)
  [爬取] 长乐 ...
    英文回退：抓取英文页面 (Changle)...
  [EN回退] Changle ...
    ✓ 英文回退补充 17 个英文片段
    ✓ 生成 20 个知识片段
[821/873] 处理城市：闽侯 (Minhou)
  [爬取] 闽侯 ...
    英文回退：抓取英文页面 (Minhou)...
  [EN回退] Minhou ...
    ✓ 英文回退补充 6 个英文片段
    ✓ 生成 10 个知识片段
[822/873] 处理城市：闽清
  [爬取] 闽清 ...
    ✓ 生成 3 个知识片段
[823/873] 处理城市：厦门 (Xiamen)
  [爬取] 厦门 ...
    英文补充：抓取英文页面 (Xiamen)...
  [EN回退] Xiamen ...
    ✓ 英文补充补充 18 个英文片段
    ✓ 生成 35 个知识片段
[824/873] 处理城市：泉州 (Quanzhou)
  [爬取] 泉州 ...
    英文补充：抓取英文页面 (Quanzhou)...
  [EN回退] Quanzhou ...
    ✓ 英文补充补充 65 个英文片段
    ✓ 生成 70 个知识片段
[825/873] 处理城市：漳州 (Zhangzhou)
  [爬取] 漳州 ...
    英文回退：抓取英文页面 (Zhangzhou)...
  [EN回退] Zhangzhou ...
    ✓ 英文回退补充 33 个英文片段
    ✓ 生成 36 个知识片段
[826/873] 处理城市：莆田 (Putian)
  [爬取] 莆田 ...
    英文补充：抓取英文页面 (Putian)...
  [EN回退] Putian ...
    ✓ 英文补充补充 49 个英文片段
    ✓ 生成 58 个知识片段
[827/873] 处理城市：海沧区 (Xiamen/Haicang)
  [爬取] 海沧区 ...
    英文回退：抓取英文页面 (Xiamen/Haicang)...
  [EN回退] Xiamen/Haicang ...
    ✓ 英文回退补充 16 个英文片段
    ✓ 生成 20 个知识片段
[828/873] 处理城市：鼓浪屿 (Xiamen/Gulangyu)
  [爬取] 鼓浪屿 ...
    英文补充：抓取英文页面 (Xiamen/Gulangyu)...
  [EN回退] Xiamen/Gulangyu ...
    ✓ 英文补充补充 46 个英文片段
    ✓ 生成 60 个知识片段
[829/873] 处理城市：南安
  [爬取] 南安 ...
    ✓ 生成 5 个知识片段
[830/873] 处理城市：安溪 (Anxi)
  [爬取] 安溪 ...
    英文补充：抓取英文页面 (Anxi)...
  [EN回退] Anxi ...
    ✓ 英文补充补充 4 个英文片段
    ✓ 生成 17 个知识片段
[831/873] 处理城市：德化 (Dehua)
  [爬取] 德化 ...
    英文回退：抓取英文页面 (Dehua)...
  [EN回退] Dehua ...
    ✓ 英文回退补充 9 个英文片段
    ✓ 生成 12 个知识片段
[832/873] 处理城市：惠安 (Hui'an)
  [爬取] 惠安 ...
    英文回退：抓取英文页面 (Hui'an)...
  [EN回退] Hui'an ...
    ✓ 英文回退补充 8 个英文片段
    ✓ 生成 11 个知识片段
[833/873] 处理城市：晋江 (Jinjiang)
  [爬取] 晋江 ...
    英文回退：抓取英文页面 (Jinjiang)...
  [EN回退] Jinjiang ...
    ✓ 英文回退补充 22 个英文片段
    ✓ 生成 24 个知识片段
[834/873] 处理城市：永春
  [爬取] 永春 ...
    ✓ 生成 4 个知识片段
[835/873] 处理城市：清源山
  [爬取] 清源山 ...
    ✓ 生成 1 个知识片段
[836/873] 处理城市：石狮 (Shishi)
  [爬取] 石狮 ...
    英文回退：抓取英文页面 (Shishi)...
  [EN回退] Shishi ...
    ✓ 英文回退补充 7 个英文片段
    ✓ 生成 10 个知识片段
[837/873] 处理城市：东山县
  [爬取] 东山县 ...
    ✓ 生成 3 个知识片段
[838/873] 处理城市：云霄
  [爬取] 云霄 ...
    ✓ 生成 3 个知识片段
[839/873] 处理城市：华安
  [爬取] 华安 ...
    ✓ 生成 3 个知识片段
[840/873] 处理城市：南靖 (Nanjing County)
  [爬取] 南靖 ...
    英文回退：抓取英文页面 (Nanjing County)...
  [EN回退] Nanjing County ...
    ✓ 英文回退补充 33 个英文片段
    ✓ 生成 36 个知识片段
[841/873] 处理城市：平和
  [爬取] 平和 ...
    ✓ 生成 3 个知识片段
[842/873] 处理城市：漳浦
  [爬取] 漳浦 ...
    ✓ 生成 3 个知识片段
[843/873] 处理城市：诏安
  [爬取] 诏安 ...
    ✓ 生成 3 个知识片段
[844/873] 处理城市：长泰
  [爬取] 长泰 ...
    ✓ 生成 3 个知识片段
[845/873] 处理城市：仙游
  [爬取] 仙游 ...
    ✓ 生成 4 个知识片段
[846/873] 处理城市：三明 (Sanming)
  [爬取] 三明 ...
    英文补充：抓取英文页面 (Sanming)...
  [EN回退] Sanming ...
    ✓ 英文补充补充 9 个英文片段
    ✓ 生成 15 个知识片段
[847/873] 处理城市：南平 (Nanping)
  [爬取] 南平 ...
    英文回退：抓取英文页面 (Nanping)...
  [EN回退] Nanping ...
    ✓ 英文回退补充 17 个英文片段
    ✓ 生成 21 个知识片段
[848/873] 处理城市：龙岩 (Longyan)
  [爬取] 龙岩 ...
    英文回退：抓取英文页面 (Longyan)...
  [EN回退] Longyan ...
    ✓ 英文回退补充 20 个英文片段
    ✓ 生成 21 个知识片段
[849/873] 处理城市：大田县
  [爬取] 大田县 ...
    ✓ 生成 3 个知识片段
[850/873] 处理城市：宁化
  [爬取] 宁化 ...
    ✓ 生成 5 个知识片段
[851/873] 处理城市：将乐
  [爬取] 将乐 ...
    ✓ 生成 2 个知识片段
[852/873] 处理城市：尤溪
  [爬取] 尤溪 ...
    ✓ 生成 3 个知识片段
[853/873] 处理城市：建宁
  [爬取] 建宁 ...
    ✓ 生成 2 个知识片段
[854/873] 处理城市：明溪
  [爬取] 明溪 ...
    ✓ 生成 2 个知识片段
[855/873] 处理城市：永安市
  [爬取] 永安市 ...
    ✓ 生成 5 个知识片段
[856/873] 处理城市：泰寧 (Taining)
  [爬取] 泰寧 ...
    英文补充：抓取英文页面 (Taining)...
  [EN回退] Taining ...
    ✓ 英文补充补充 17 个英文片段
    ✓ 生成 42 个知识片段
[857/873] 处理城市：清流
  [爬取] 清流 ...
    ✓ 生成 3 个知识片段
[858/873] 处理城市：玉华洞
  [爬取] 玉华洞 ...
    ✓ 生成 1 个知识片段
[859/873] 处理城市：光泽
  [爬取] 光泽 ...
    ✓ 生成 3 个知识片段
[860/873] 处理城市：建瓯
  [爬取] 建瓯 ...
    ✓ 生成 4 个知识片段
[861/873] 处理城市：建阳
  [爬取] 建阳 ...
    ✓ 生成 3 个知识片段
[862/873] 处理城市：政和
  [爬取] 政和 ...
    ✓ 生成 3 个知识片段
[863/873] 处理城市：松溪
  [爬取] 松溪 ...
    ✓ 生成 2 个知识片段
[864/873] 处理城市：武夷山 (Mount Wuyi)
  [爬取] 武夷山 ...
    英文补充：抓取英文页面 (Mount Wuyi)...
  [EN回退] Mount Wuyi ...
    ✓ 英文补充补充 38 个英文片段
    ✓ 生成 46 个知识片段
[865/873] 处理城市：浦城
  [爬取] 浦城 ...
    ✓ 生成 4 个知识片段
[866/873] 处理城市：邵武
  [爬取] 邵武 ...
    ✓ 生成 3 个知识片段
[867/873] 处理城市：顺昌
  [爬取] 顺昌 ...
    ✓ 生成 2 个知识片段
[868/873] 处理城市：上杭
  [爬取] 上杭 ...
    ✓ 生成 3 个知识片段
[869/873] 处理城市：武平
  [爬取] 武平 ...
    ✓ 生成 3 个知识片段
[870/873] 处理城市：永定 (Yongding County)
  [爬取] 永定 ...
    英文回退：抓取英文页面 (Yongding County)...
  [EN回退] Yongding County ...
    ✓ 英文回退补充 20 个英文片段
    ✓ 生成 24 个知识片段
[871/873] 处理城市：漳平
  [爬取] 漳平 ...
    ✓ 生成 2 个知识片段
[872/873] 处理城市：连城
  [爬取] 连城 ...
    ✓ 生成 5 个知识片段
[873/873] 处理城市：长汀
  [爬取] 长汀 ...
    ✓ 生成 3 个知识片段

✓ 合并静态注意事项：11 条

─────────────────────────────────────────
成功：864 个城市
英文回退：313 个城市
跳过（无内容）：9 个城市
失败：0 个城市
总知识片段：15659 条

✓ 已写入：G:\codes\code10\ai-travel-planner\backend\data\knowledge\knowledge_20260312_160327.jsonl
✓ 统计：  G:\codes\code10\ai-travel-planner\backend\data\knowledge\summary.json

爬取完成。

